Component: ARM Compiler 5.06 update 7 (build 960) Tool: armlink [4d3601]

==============================================================================

Section Cross References

    system_stm32f10x.o(i.SetSysClock) refers to system_stm32f10x.o(i.SetSysClockTo72) for SetSysClockTo72
    system_stm32f10x.o(i.SystemCoreClockUpdate) refers to system_stm32f10x.o(.data) for .data
    system_stm32f10x.o(i.SystemInit) refers to system_stm32f10x.o(i.SetSysClock) for SetSysClock
    startup_stm32f10x_hd.o(RESET) refers to startup_stm32f10x_hd.o(STACK) for __initial_sp
    startup_stm32f10x_hd.o(RESET) refers to startup_stm32f10x_hd.o(.text) for Reset_Handler
    startup_stm32f10x_hd.o(RESET) refers to stm32f10x_it.o(i.NMI_Handler) for NMI_Handler
    startup_stm32f10x_hd.o(RESET) refers to stm32f10x_it.o(i.HardFault_Handler) for HardFault_Handler
    startup_stm32f10x_hd.o(RESET) refers to stm32f10x_it.o(i.MemManage_Handler) for MemManage_Handler
    startup_stm32f10x_hd.o(RESET) refers to stm32f10x_it.o(i.BusFault_Handler) for BusFault_Handler
    startup_stm32f10x_hd.o(RESET) refers to stm32f10x_it.o(i.UsageFault_Handler) for UsageFault_Handler
    startup_stm32f10x_hd.o(RESET) refers to stm32f10x_it.o(i.SVC_Handler) for SVC_Handler
    startup_stm32f10x_hd.o(RESET) refers to stm32f10x_it.o(i.DebugMon_Handler) for DebugMon_Handler
    startup_stm32f10x_hd.o(RESET) refers to stm32f10x_it.o(i.PendSV_Handler) for PendSV_Handler
    startup_stm32f10x_hd.o(RESET) refers to stm32f10x_it.o(i.SysTick_Handler) for SysTick_Handler
    startup_stm32f10x_hd.o(RESET) refers to timer.o(i.TIM2_IRQHandler) for TIM2_IRQHandler
    startup_stm32f10x_hd.o(RESET) refers to timer.o(i.TIM3_IRQHandler) for TIM3_IRQHandler
    startup_stm32f10x_hd.o(RESET) refers to timer.o(i.TIM4_IRQHandler) for TIM4_IRQHandler
    startup_stm32f10x_hd.o(RESET) refers to serial.o(i.USART1_IRQHandler) for USART1_IRQHandler
    startup_stm32f10x_hd.o(RESET) refers to serial.o(i.USART2_IRQHandler) for USART2_IRQHandler
    startup_stm32f10x_hd.o(RESET) refers to serial.o(i.USART3_IRQHandler) for USART3_IRQHandler
    startup_stm32f10x_hd.o(RESET) refers to serial.o(i.UART4_IRQHandler) for UART4_IRQHandler
    startup_stm32f10x_hd.o(RESET) refers to serial.o(i.UART5_IRQHandler) for UART5_IRQHandler
    startup_stm32f10x_hd.o(.text) refers to system_stm32f10x.o(i.SystemInit) for SystemInit
    startup_stm32f10x_hd.o(.text) refers to entry.o(.ARM.Collect$$$$00000000) for __main
    stm32f10x_adc.o(i.ADC_DeInit) refers to stm32f10x_rcc.o(i.RCC_APB2PeriphResetCmd) for RCC_APB2PeriphResetCmd
    stm32f10x_bkp.o(i.BKP_DeInit) refers to stm32f10x_rcc.o(i.RCC_BackupResetCmd) for RCC_BackupResetCmd
    stm32f10x_can.o(i.CAN_DeInit) refers to stm32f10x_rcc.o(i.RCC_APB1PeriphResetCmd) for RCC_APB1PeriphResetCmd
    stm32f10x_can.o(i.CAN_GetITStatus) refers to stm32f10x_can.o(i.CheckITStatus) for CheckITStatus
    stm32f10x_cec.o(i.CEC_DeInit) refers to stm32f10x_rcc.o(i.RCC_APB1PeriphResetCmd) for RCC_APB1PeriphResetCmd
    stm32f10x_dac.o(i.DAC_DeInit) refers to stm32f10x_rcc.o(i.RCC_APB1PeriphResetCmd) for RCC_APB1PeriphResetCmd
    stm32f10x_flash.o(i.FLASH_EnableWriteProtection) refers to stm32f10x_flash.o(i.FLASH_WaitForLastOperation) for FLASH_WaitForLastOperation
    stm32f10x_flash.o(i.FLASH_EraseAllBank1Pages) refers to stm32f10x_flash.o(i.FLASH_WaitForLastBank1Operation) for FLASH_WaitForLastBank1Operation
    stm32f10x_flash.o(i.FLASH_EraseAllPages) refers to stm32f10x_flash.o(i.FLASH_WaitForLastOperation) for FLASH_WaitForLastOperation
    stm32f10x_flash.o(i.FLASH_EraseOptionBytes) refers to stm32f10x_flash.o(i.FLASH_GetReadOutProtectionStatus) for FLASH_GetReadOutProtectionStatus
    stm32f10x_flash.o(i.FLASH_EraseOptionBytes) refers to stm32f10x_flash.o(i.FLASH_WaitForLastOperation) for FLASH_WaitForLastOperation
    stm32f10x_flash.o(i.FLASH_ErasePage) refers to stm32f10x_flash.o(i.FLASH_WaitForLastOperation) for FLASH_WaitForLastOperation
    stm32f10x_flash.o(i.FLASH_ProgramHalfWord) refers to stm32f10x_flash.o(i.FLASH_WaitForLastOperation) for FLASH_WaitForLastOperation
    stm32f10x_flash.o(i.FLASH_ProgramOptionByteData) refers to stm32f10x_flash.o(i.FLASH_WaitForLastOperation) for FLASH_WaitForLastOperation
    stm32f10x_flash.o(i.FLASH_ProgramWord) refers to stm32f10x_flash.o(i.FLASH_WaitForLastOperation) for FLASH_WaitForLastOperation
    stm32f10x_flash.o(i.FLASH_ReadOutProtection) refers to stm32f10x_flash.o(i.FLASH_WaitForLastOperation) for FLASH_WaitForLastOperation
    stm32f10x_flash.o(i.FLASH_UserOptionByteConfig) refers to stm32f10x_flash.o(i.FLASH_WaitForLastOperation) for FLASH_WaitForLastOperation
    stm32f10x_flash.o(i.FLASH_WaitForLastBank1Operation) refers to stm32f10x_flash.o(i.FLASH_GetBank1Status) for FLASH_GetBank1Status
    stm32f10x_flash.o(i.FLASH_WaitForLastOperation) refers to stm32f10x_flash.o(i.FLASH_GetBank1Status) for FLASH_GetBank1Status
[...]
    .text                                    0x08000c60   Section        0  d2f.o(.text)
    .text                                    0x08000c98   Section       20  cfcmple.o(.text)
    .text                                    0x08000cac   Section        0  uidiv.o(.text)
    .text                                    0x08000cd8   Section        0  uldiv.o(.text)
    .text                                    0x08000d3a   Section        0  llshl.o(.text)
    .text                                    0x08000d58   Section        0  llushr.o(.text)
    .text                                    0x08000d78   Section        0  llsshr.o(.text)
    .text                                    0x08000d9c   Section        0  _chval.o(.text)
    .text                                    0x08000db8   Section        0  scanf_char.o(.text)
    _scanf_char_input                        0x08000db9   Thumb Code    12  scanf_char.o(.text)
    .text                                    0x08000de0   Section        0  _sgetc.o(.text)
    .text                                    0x08000e20   Section        0  iusefp.o(.text)
    .text                                    0x08000e20   Section        0  fepilogue.o(.text)
    .text                                    0x08000e8e   Section        0  depilogue.o(.text)
    .text                                    0x08000f48   Section        0  dscalb.o(.text)
    .text                                    0x08000f76   Section        0  dsqrt.o(.text)
    .text                                    0x08001018   Section        0  dfltul.o(.text)
    .text                                    0x08001030   Section        0  dfixul.o(.text)
    .text                                    0x08001060   Section       36  init.o(.text)
    .text                                    0x08001084   Section        0  isspace_c.o(.text)
    .text                                    0x08001090   Section        0  _scanf.o(.text)
    .text                                    0x080013c0   Section        0  ctype_c.o(.text)
    .text                                    0x080013e8   Section        0  __dczerorl2.o(.text)
    i.A_left                                 0x08001440   Section        0  myservo.o(i.A_left)
    i.A_right                                0x08001490   Section        0  myservo.o(i.A_right)
    i.ActGroup_func                          0x080014e4   Section        0  uppercp.o(i.ActGroup_func)
    i.ArmInit                                0x08001558   Section        0  myservo.o(i.ArmInit)
    i.B_left                                 0x080015a8   Section        0  myservo.o(i.B_left)
    i.B_right                                0x080015fc   Section        0  myservo.o(i.B_right)
    i.BusFault_Handler                       0x0800164c   Section        0  stm32f10x_it.o(i.BusFault_Handler)
    i.DebugMon_Handler                       0x0800164e   Section        0  stm32f10x_it.o(i.DebugMon_Handler)
    i.Delay_ms                               0x08001650   Section        0  delay.o(i.Delay_ms)
    i.Delay_us                               0x08001668   Section        0  delay.o(i.Delay_us)
    i.DiffX4_Wheel_Speed_Model_Config        0x08001688   Section        0  move.o(i.DiffX4_Wheel_Speed_Model_Config)
    i.Emm_V5_Synchronous_motion              0x080017ec   Section        0  bujin.o(i.Emm_V5_Synchronous_motion)
    i.Emm_V5_Vel_Control                     0x0800181e   Section        0  bujin.o(i.Emm_V5_Vel_Control)
    i.GPIO_Init                              0x08001862   Section        0  stm32f10x_gpio.o(i.GPIO_Init)
    i.GPIO_ReadOutputDataBit                 0x08001908   Section        0  stm32f10x_gpio.o(i.GPIO_ReadOutputDataBit)
    i.GPIO_ResetBits                         0x08001916   Section        0  stm32f10x_gpio.o(i.GPIO_ResetBits)
    i.GPIO_SetBits                           0x0800191a   Section        0  stm32f10x_gpio.o(i.GPIO_SetBits)
    i.GPIO_WriteBit                          0x0800191e   Section        0  stm32f10x_gpio.o(i.GPIO_WriteBit)
    i.GetPulse                               0x0800192c   Section        0  myservo.o(i.GetPulse)
    i.HardFault_Handler                      0x08001c74   Section        0  stm32f10x_it.o(i.HardFault_Handler)
    i.IWDG_Enable                            0x08001c78   Section        0  stm32f10x_iwdg.o(i.IWDG_Enable)
    i.IWDG_Feed                              0x08001c88   Section        0  iwdg.o(i.IWDG_Feed)
    i.IWDG_Init                              0x08001c8c   Section        0  iwdg.o(i.IWDG_Init)
    i.IWDG_ReloadCounter                     0x08001cb4   Section        0  stm32f10x_iwdg.o(i.IWDG_ReloadCounter)
    i.IWDG_SetPrescaler                      0x08001cc4   Section        0  stm32f10x_iwdg.o(i.IWDG_SetPrescaler)
    i.IWDG_SetReload                         0x08001cd0   Section        0  stm32f10x_iwdg.o(i.IWDG_SetReload)
    i.IWDG_WriteAccessCmd                    0x08001cdc   Section        0  stm32f10x_iwdg.o(i.IWDG_WriteAccessCmd)
    i.JQ8x00_Command_Data                    0x08001ce8   Section        0  voice.o(i.JQ8x00_Command_Data)
    i.JQ8x00_Loop                            0x08001d50   Section        0  voice.o(i.JQ8x00_Loop)
    i.JQ8x00_Loop_times2                     0x08001d6c   Section        0  voice.o(i.JQ8x00_Loop_times2)
    i.JQ8x00_Over                            0x08001d88   Section        0  voice.o(i.JQ8x00_Over)
    i.JQ8x00_RandomPathPlay                  0x08001da0   Section        0  voice.o(i.JQ8x00_RandomPathPlay)
    i.JQ8x00_RandomPathPlay_Inserch          0x08001e1c   Section        0  voice.o(i.JQ8x00_RandomPathPlay_Inserch)
    i.JQ8x00_Volumn                          0x08001e98   Section        0  voice.o(i.JQ8x00_Volumn)
    i.LED1_Turn                              0x08001ea0   Section        0  led.o(i.LED1_Turn)
    i.LED2_Turn                              0x08001ed0   Section        0  led.o(i.LED2_Turn)
    i.LED3_Turn                              0x08001f00   Section        0  led.o(i.LED3_Turn)
    i.LED_Init                               0x08001f30   Section        0  led.o(i.LED_Init)
    i.Look_func                              0x08001f68   Section        0  uppercp.o(i.Look_func)
    i.Looking                                0x08001fdc   Section        0  myservo.o(i.Looking)
    i.MemManage_Handler                      0x08002000   Section        0  stm32f10x_it.o(i.MemManage_Handler)
    i.Move_Updata                            0x08002004   Section        0  move.o(i.Move_Updata)
    i.NMI_Handler                            0x080021f4   Section        0  stm32f10x_it.o(i.NMI_Handler)
    i.NVIC_Init                              0x080021f8   Section        0  misc.o(i.NVIC_Init)
    i.NVIC_PriorityGroupConfig               0x0800225c   Section        0  misc.o(i.NVIC_PriorityGroupConfig)
    i.OLED_Clear                             0x08002270   Section        0  oled.o(i.OLED_Clear)
    i.OLED_I2C_Init                          0x080022d0   Section        0  oled.o(i.OLED_I2C_Init)
    i.OLED_I2C_SendByte                      0x08002320   Section        0  oled.o(i.OLED_I2C_SendByte)
    i.OLED_I2C_Start                         0x0800237c   Section        0  oled.o(i.OLED_I2C_Start)
    i.OLED_I2C_Stop                          0x080023b0   Section        0  oled.o(i.OLED_I2C_Stop)
    i.OLED_Init                              0x080023dc   Section        0  oled.o(i.OLED_Init)
    i.OLED_Refresh_Gram                      0x080024c8   Section        0  oled.o(i.OLED_Refresh_Gram)
    i.OLED_Set_Pos                           0x0800250c   Section        0  oled.o(i.OLED_Set_Pos)
    i.OLED_ShowCHinese                       0x08002534   Section        0  oled.o(i.OLED_ShowCHinese)
    i.OLED_ShowChar                          0x08002590   Section        0  oled.o(i.OLED_ShowChar)
    i.OLED_ShowData                          0x08002620   Section        0  function.o(i.OLED_ShowData)
    i.OLED_ShowFloat                         0x080026c4   Section        0  oled.o(i.OLED_ShowFloat)
    i.OLED_ShowNum                           0x080027c8   Section        0  oled.o(i.OLED_ShowNum)
    i.OLED_ShowString                        0x08002840   Section        0  oled.o(i.OLED_ShowString)
    i.OLED_WR_Byte                           0x08002876   Section        0  oled.o(i.OLED_WR_Byte)
    i.OLED_Write_Command                     0x08002886   Section        0  oled.o(i.OLED_Write_Command)
    i.OLED_Write_Data                        0x080028a8   Section        0  oled.o(i.OLED_Write_Data)
    i.PendSV_Handler                         0x080028ca   Section        0  stm32f10x_it.o(i.PendSV_Handler)
    i.QR_Star                                0x080028cc   Section        0  qr.o(i.QR_Star)
    i.QR_Stop                                0x080028e0   Section        0  qr.o(i.QR_Stop)
    i.QR_func                                0x080028f4   Section        0  uppercp.o(i.QR_func)
    i.RCC_APB1PeriphClockCmd                 0x0800298c   Section        0  stm32f10x_rcc.o(i.RCC_APB1PeriphClockCmd)
    i.RCC_APB2PeriphClockCmd                 0x080029a8   Section        0  stm32f10x_rcc.o(i.RCC_APB2PeriphClockCmd)
    i.RCC_GetClocksFreq                      0x080029c4   Section        0  stm32f10x_rcc.o(i.RCC_GetClocksFreq)
    i.SVC_Handler                            0x08002a70   Section        0  stm32f10x_it.o(i.SVC_Handler)
    i.Serial1_SendArray                      0x08002a72   Section        0  serial.o(i.Serial1_SendArray)
    i.Serial1_SendByte                       0x08002a8c   Section        0  serial.o(i.Serial1_SendByte)
    i.Serial2_SendArray                      0x08002aac   Section        0  serial.o(i.Serial2_SendArray)
    i.Serial2_SendByte                       0x08002ac8   Section        0  serial.o(i.Serial2_SendByte)
    i.Serial3_SendArray                      0x08002ae8   Section        0  serial.o(i.Serial3_SendArray)
    i.Serial3_SendByte                       0x08002b04   Section        0  serial.o(i.Serial3_SendByte)
    i.Serial4_GetRxFlag                      0x08002b24   Section        0  serial.o(i.Serial4_GetRxFlag)
    i.Serial4_SendByte                       0x08002b3c   Section        0  serial.o(i.Serial4_SendByte)
    i.Serial4_SendString                     0x08002b5c   Section        0  serial.o(i.Serial4_SendString)
    i.Serial5_Printf                         0x08002b74   Section        0  serial.o(i.Serial5_Printf)
    i.Serial5_SendArray                      0x08002b90   Section        0  serial.o(i.Serial5_SendArray)
    i.Serial5_SendByte                       0x08002bac   Section        0  serial.o(i.Serial5_SendByte)
    i.Serial5_SendString                     0x08002bcc   Section        0  serial.o(i.Serial5_SendString)
    i.Serial_Init                            0x08002be4   Section        0  serial.o(i.Serial_Init)
    i.SetSysClock                            0x08002f20   Section        0  system_stm32f10x.o(i.SetSysClock)
    SetSysClock                              0x08002f21   Thumb Code     4  system_stm32f10x.o(i.SetSysClock)
    i.SetSysClockTo72                        0x08002f24   Section        0  system_stm32f10x.o(i.SetSysClockTo72)
    SetSysClockTo72                          0x08002f25   Thumb Code   166  system_stm32f10x.o(i.SetSysClockTo72)
    i.SysTick_Handler                        0x08002fd4   Section        0  stm32f10x_it.o(i.SysTick_Handler)
    i.SystemInit                             0x08002fd8   Section        0  system_stm32f10x.o(i.SystemInit)
    i.System_Init                            0x08003028   Section        0  function.o(i.System_Init)
    i.TIM2_IRQHandler                        0x08003050   Section        0  timer.o(i.TIM2_IRQHandler)
    i.TIM3_IRQHandler                        0x0800307c   Section        0  timer.o(i.TIM3_IRQHandler)
    i.TIM4_IRQHandler                        0x080030c0   Section        0  timer.o(i.TIM4_IRQHandler)
    i.TIM_ClearFlag                          0x08003108   Section        0  stm32f10x_tim.o(i.TIM_ClearFlag)
    i.TIM_ClearITPendingBit                  0x0800310e   Section        0  stm32f10x_tim.o(i.TIM_ClearITPendingBit)
    i.TIM_Cmd                                0x08003114   Section        0  stm32f10x_tim.o(i.TIM_Cmd)
    i.TIM_GetITStatus                        0x0800312c   Section        0  stm32f10x_tim.o(i.TIM_GetITStatus)
    i.TIM_ITConfig                           0x08003144   Section        0  stm32f10x_tim.o(i.TIM_ITConfig)
    i.TIM_InternalClockConfig                0x08003158   Section        0  stm32f10x_tim.o(i.TIM_InternalClockConfig)
    i.TIM_TimeBaseInit                       0x08003164   Section        0  stm32f10x_tim.o(i.TIM_TimeBaseInit)
    i.Timer2_Init                            0x08003200   Section        0  timer.o(i.Timer2_Init)
    i.TurnAngle                              0x08003280   Section        0  myservo.o(i.TurnAngle)
    i.UART3_SendCode                         0x080032a4   Section        0  serial.o(i.UART3_SendCode)
    i.UART4_IRQHandler                       0x080032d8   Section        0  serial.o(i.UART4_IRQHandler)
    i.UART5_IRQHandler                       0x08003320   Section        0  serial.o(i.UART5_IRQHandler)
    i.USART1_IRQHandler                      0x08003360   Section        0  serial.o(i.USART1_IRQHandler)
    i.USART2_IRQHandler                      0x08003388   Section        0  serial.o(i.USART2_IRQHandler)
    i.USART3_IRQHandler                      0x080033b0   Section        0  serial.o(i.USART3_IRQHandler)
    i.USART_ClearITPendingBit                0x080033d8   Section        0  stm32f10x_usart.o(i.USART_ClearITPendingBit)
    i.USART_Cmd                              0x080033e8   Section        0  stm32f10x_usart.o(i.USART_Cmd)
    i.USART_GetFlagStatus                    0x08003400   Section        0  stm32f10x_usart.o(i.USART_GetFlagStatus)
    i.USART_GetITStatus                      0x0800340e   Section        0  stm32f10x_usart.o(i.USART_GetITStatus)
    i.USART_ITConfig                         0x0800344e   Section        0  stm32f10x_usart.o(i.USART_ITConfig)
    i.USART_Init                             0x08003484   Section        0  stm32f10x_usart.o(i.USART_Init)
    i.USART_ReceiveData                      0x08003540   Section        0  stm32f10x_usart.o(i.USART_ReceiveData)
    i.USART_SendData                         0x08003548   Section        0  stm32f10x_usart.o(i.USART_SendData)
    i.UpperCP_RX                             0x08003550   Section        0  uppercp.o(i.UpperCP_RX)
    i.UsageFault_Handler                     0x080035f8   Section        0  stm32f10x_it.o(i.UsageFault_Handler)
    i.UsrFunction                            0x080035fa   Section        0  function.o(i.UsrFunction)
    i.Voice_Num                              0x08003618   Section        0  voice.o(i.Voice_Num)
    i.ZhuaZi_close                           0x080037a4   Section        0  myservo.o(i.ZhuaZi_close)
    i.ZhuaZi_func                            0x080037b4   Section        0  uppercp.o(i.ZhuaZi_func)
    i.ZhuaZi_open                            0x0800383c   Section        0  myservo.o(i.ZhuaZi_open)
    i.__0vsprintf                            0x0800384c   Section        0  printfa.o(i.__0vsprintf)
    i.__ARM_fpclassify                       0x08003870   Section        0  fpclassify.o(i.__ARM_fpclassify)
    i.__kernel_poly                          0x08003898   Section        0  poly.o(i.__kernel_poly)
    i.__mathlib_dbl_infnan                   0x08003942   Section        0  dunder.o(i.__mathlib_dbl_infnan)
    i.__mathlib_dbl_infnan2                  0x08003948   Section        0  dunder.o(i.__mathlib_dbl_infnan2)
    i.__mathlib_dbl_invalid                  0x0800394c   Section        0  dunder.o(i.__mathlib_dbl_invalid)
    i.__mathlib_dbl_underflow                0x08003958   Section        0  dunder.o(i.__mathlib_dbl_underflow)
    i.__scatterload_copy                     0x08003968   Section       14  handlers.o(i.__scatterload_copy)
    i.__scatterload_null                     0x08003976   Section        2  handlers.o(i.__scatterload_null)
    i.__scatterload_zeroinit                 0x08003978   Section       14  handlers.o(i.__scatterload_zeroinit)
    i.__set_errno                            0x08003988   Section        0  errno.o(i.__set_errno)
    i._fp_digits                             0x08003994   Section        0  printfa.o(i._fp_digits)
    _fp_digits                               0x08003995   Thumb Code   366  printfa.o(i._fp_digits)
    i._is_digit                              0x08003b18   Section        0  scanf_fp.o(i._is_digit)
    i._printf_core                           0x08003b28   Section        0  printfa.o(i._printf_core)
    _printf_core                             0x08003b29   Thumb Code  1704  printfa.o(i._printf_core)
    i._printf_post_padding                   0x080041dc   Section        0  printfa.o(i._printf_post_padding)
    _printf_post_padding                     0x080041dd   Thumb Code    36  printfa.o(i._printf_post_padding)
    i._printf_pre_padding                    0x08004200   Section        0  printfa.o(i._printf_pre_padding)
    _printf_pre_padding                      0x08004201   Thumb Code    46  printfa.o(i._printf_pre_padding)
    i._sputc                                 0x0800422e   Section        0  printfa.o(i._sputc)
    _sputc                                   0x0800422f   Thumb Code    10  printfa.o(i._sputc)
    i.acos                                   0x08004238   Section        0  acos.o(i.acos)
    i.angle_speed_func                       0x080044b4   Section        0  uppercp.o(i.angle_speed_func)
    i.atan                                   0x08004538   Section        0  atan.o(i.atan)
    i.atan2                                  0x08004758   Section        0  atan2.o(i.atan2)
    i.cmd_func                               0x080048f4   Section        0  uppercp.o(i.cmd_func)
    i.main                                   0x0800495c   Section        0  main.o(i.main)
    i.moveServo                              0x0800496c   Section        0  servo.o(i.moveServo)
    i.oled_pow                               0x080049ac   Section        0  oled.o(i.oled_pow)
    i.runActionGroup                         0x080049bc   Section        0  servo.o(i.runActionGroup)
    i.servo_func                             0x080049e0   Section        0  uppercp.o(i.servo_func)
    i.speed_func                             0x08004e40   Section        0  uppercp.o(i.speed_func)
    i.sqrt                                   0x08004ec0   Section        0  sqrt.o(i.sqrt)
    i.voice_func                             0x08004f0c   Section        0  uppercp.o(i.voice_func)
    i.voice_set_func                         0x08004f80   Section        0  uppercp.o(i.voice_set_func)
    .constdata                               0x08004ff4   Section     2072  oled.o(.constdata)
    .constdata                               0x0800580c   Section       18  voice.o(.constdata)
    .constdata                               0x08005820   Section       80  acos.o(.constdata)
    pS                                       0x08005820   Data          48  acos.o(.constdata)
    qS                                       0x08005850   Data          32  acos.o(.constdata)
    .constdata                               0x08005870   Section      152  atan.o(.constdata)
    atanhi                                   0x08005870   Data          32  atan.o(.constdata)
    atanlo                                   0x08005890   Data          32  atan.o(.constdata)
    aTodd                                    0x080058b0   Data          40  atan.o(.constdata)
    aTeven                                   0x080058d8   Data          48  atan.o(.constdata)
    .constdata                               0x08005908   Section        8  qnan.o(.constdata)
    .constdata                               0x08005910   Section       64  ctype_c.o(.constdata)
    .data                                    0x20000000   Section       20  stm32f10x_rcc.o(.data)
    ADCPrescTable                            0x20000000   Data           4  stm32f10x_rcc.o(.data)
    APBAHBPrescTable                         0x20000004   Data          16  stm32f10x_rcc.o(.data)
    .data                                    0x20000014   Section        4  function.o(.data)
    once_flag                                0x20000014   Data           1  function.o(.data)
    .data                                    0x20000018   Section       10  serial.o(.data)
    pRxPacket                                0x2000001a   Data           1  serial.o(.data)
    .data                                    0x20000022   Section        2  serial.o(.data)
    .data                                    0x20000024   Section        1  serial.o(.data)
    .data                                    0x20000025   Section        1  serial.o(.data)
    .data                                    0x20000026   Section        5  serial.o(.data)
    .data                                    0x2000002c   Section        6  timer.o(.data)
    .data                                    0x20000034   Section       16  move.o(.data)
    Last_Speed                               0x20000034   Data           4  move.o(.data)
    Last_AngleSpeed                          0x20000038   Data           4  move.o(.data)
    .data                                    0x20000044   Section      226  oled.o(.data)
    x                                        0x20000044   Data           1  oled.o(.data)
    y                                        0x20000045   Data           1  oled.o(.data)
    .data                                    0x20000128   Section       40  myservo.o(.data)
    .data                                    0x20000150   Section       40  uppercp.o(.data)
    Timer_Count                              0x20000150   Data           1  uppercp.o(.data)
    Run_flag                                 0x20000151   Data           1  uppercp.o(.data)
    OnceFlag                                 0x20000152   Data           1  uppercp.o(.data)
    .data                                    0x20000178   Section      184  voice.o(.data)
    .data                                    0x20000230   Section        7  voice.o(.data)
    .data                                    0x20000238   Section        4  strtok.o(.data)
    state                                    0x20000238   Data           4  strtok.o(.data)
    .data                                    0x2000023c   Section        4  errno.o(.data)
    _errno                                   0x2000023c   Data           4  errno.o(.data)
    .bss                                     0x20000240   Section      356  serial.o(.bss)
    .bss                                     0x200003a4   Section       24  move.o(.bss)
    .bss                                     0x200003bc   Section     1024  oled.o(.bss)
    .bss                                     0x200007bc   Section      128  servo.o(.bss)
    STACK                                    0x20000840   Section     1024  startup_stm32f10x_hd.o(STACK)

    Global Symbols

    Symbol Name                              Value     Ov Type        Size  Object(Section)

    BuildAttributes$$THM_ISAv4$P$D$K$B$S$PE$A:L22UL41UL21$X:L11$S22US41US21$IEEE1$IW$USESV6$~STKCKD$USESV7$~SHL$OTIME$ROPI$IEEEX$EBA8$MICROLIB$REQ8$PRES8$EABIv2 0x00000000   Number         0  anon$$obj.o ABSOLUTE
    __ARM_use_no_argv                        0x00000000   Number         0  main.o ABSOLUTE
    __arm_fini_                               - Undefined Weak Reference
    __cpp_initialize__aeabi_                  - Undefined Weak Reference
    __cxa_finalize                            - Undefined Weak Reference
    _clock_init                               - Undefined Weak Reference
    _microlib_exit                            - Undefined Weak Reference
    _scanf_longlong                           - Undefined Weak Reference
    _scanf_string                             - Undefined Weak Reference
    __Vectors_Size                           0x00000130   Number         0  startup_stm32f10x_hd.o ABSOLUTE
    __Vectors                                0x08000000   Data           4  startup_stm32f10x_hd.o(RESET)
    __Vectors_End                            0x08000130   Data           0  startup_stm32f10x_hd.o(RESET)
    __main                                   0x08000131   Thumb Code     0  entry.o(.ARM.Collect$$$$00000000)
    _main_stk                                0x08000131   Thumb Code     0  entry2.o(.ARM.Collect$$$$00000001)
    _main_scatterload                        0x08000135   Thumb Code     0  entry5.o(.ARM.Collect$$$$00000004)
    __main_after_scatterload                 0x08000139   Thumb Code     0  entry5.o(.ARM.Collect$$$$00000004)
    _main_clock                              0x08000139   Thumb Code     0  entry7b.o(.ARM.Collect$$$$00000008)
    _main_cpp_init                           0x08000139   Thumb Code     0  entry8b.o(.ARM.Collect$$$$0000000A)
    _main_init                               0x08000139   Thumb Code     0  entry9a.o(.ARM.Collect$$$$0000000B)
    __rt_lib_shutdown_fini                   0x08000141   Thumb Code     0  entry12b.o(.ARM.Collect$$$$0000000E)
    __rt_final_cpp                           0x08000145   Thumb Code     0  entry10a.o(.ARM.Collect$$$$0000000F)
    __rt_final_exit                          0x08000145   Thumb Code     0  entry11a.o(.ARM.Collect$$$$00000011)
    Reset_Handler                            0x08000149   Thumb Code     8  startup_stm32f10x_hd.o(.text)
    ADC1_2_IRQHandler                        0x08000163   Thumb Code     0  startup_stm32f10x_hd.o(.text)
    ADC3_IRQHandler                          0x08000163   Thumb Code     0  startup_stm32f10x_hd.o(.text)
    CAN1_RX1_IRQHandler                      0x08000163   Thumb Code     0  startup_stm32f10x_hd.o(.text)
    CAN1_SCE_IRQHandler                      0x08000163   Thumb Code     0  startup_stm32f10x_hd.o(.text)
    DMA1_Channel1_IRQHandler                 0x08000163   Thumb Code     0  startup_stm32f10x_hd.o(.text)
    DMA1_Channel2_IRQHandler                 0x08000163   Thumb Code     0  startup_stm32f10x_hd.o(.text)
    DMA1_Channel3_IRQHandler                 0x08000163   Thumb Code     0  startup_stm32f10x_hd.o(.text)
    DMA1_Channel4_IRQHandler                 0x08000163   Thumb Code     0  startup_stm32f10x_hd.o(.text)
    DMA1_Channel5_IRQHandler                 0x08000163   Thumb Code     0  startup_stm32f10x_hd.o(.text)
    DMA1_Channel6_IRQHandler                 0x08000163   Thumb Code     0  startup_stm32f10x_hd.o(.text)
    DMA1_Channel7_IRQHandler                 0x08000163   Thumb Code     0  startup_stm32f10x_hd.o(.text)
    DMA2_Channel1_IRQHandler                 0x08000163   Thumb Code     0  startup_stm32f10x_hd.o(.text)
    DMA2_Channel2_IRQHandler                 0x08000163   Thumb Code     0  startup_stm32f10x_hd.o(.text)
    DMA2_Channel3_IRQHandler                 0x08000163   Thumb Code     0  startup_stm32f10x_hd.o(.text)
    DMA2_Channel4_5_IRQHandler               0x08000163   Thumb Code     0  startup_stm32f10x_hd.o(.text)
    EXTI0_IRQHandler                         0x08000163   Thumb Code     0  startup_stm32f10x_hd.o(.text)
    EXTI15_10_IRQHandler                     0x08000163   Thumb Code     0  startup_stm32f10x_hd.o(.text)
    EXTI1_IRQHandler                         0x08000163   Thumb Code     0  startup_stm32f10x_hd.o(.text)
    EXTI2_IRQHandler                         0x08000163   Thumb Code     0  startup_stm32f10x_hd.o(.text)
    EXTI3_IRQHandler                         0x08000163   Thumb Code     0  startup_stm32f10x_hd.o(.text)
    EXTI4_IRQHandler                         0x08000163   Thumb Code     0  startup_stm32f10x_hd.o(.text)
    EXTI9_5_IRQHandler                       0x08000163   Thumb Code     0  startup_stm32f10x_hd.o(.text)
    FLASH_IRQHandler                         0x08000163   Thumb Code     0  startup_stm32f10x_hd.o(.text)
    FSMC_IRQHandler                          0x08000163   Thumb Code     0  startup_stm32f10x_hd.o(.text)
    I2C1_ER_IRQHandler                       0x08000163   Thumb Code     0  startup_stm32f10x_hd.o(.text)
    I2C1_EV_IRQHandler                       0x08000163   Thumb Code     0  startup_stm32f10x_hd.o(.text)
    I2C2_ER_IRQHandler                       0x08000163   Thumb Code     0  startup_stm32f10x_hd.o(.text)
    I2C2_EV_IRQHandler                       0x08000163   Thumb Code     0  startup_stm32f10x_hd.o(.text)
    PVD_IRQHandler                           0x08000163   Thumb Code     0  startup_stm32f10x_hd.o(.text)
    RCC_IRQHandler                           0x08000163   Thumb Code     0  startup_stm32f10x_hd.o(.text)
    RTCAlarm_IRQHandler                      0x08000163   Thumb Code     0  startup_stm32f10x_hd.o(.text)
    RTC_IRQHandler                           0x08000163   Thumb Code     0  startup_stm32f10x_hd.o(.text)
    SDIO_IRQHandler                          0x08000163   Thumb Code     0  startup_stm32f10x_hd.o(.text)
    SPI1_IRQHandler                          0x08000163   Thumb Code     0  startup_stm32f10x_hd.o(.text)
    SPI2_IRQHandler                          0x08000163   Thumb Code     0  startup_stm32f10x_hd.o(.text)
    SPI3_IRQHandler                          0x08000163   Thumb Code     0  startup_stm32f10x_hd.o(.text)
    TAMPER_IRQHandler                        0x08000163   Thumb Code     0  startup_stm32f10x_hd.o(.text)
    TIM1_BRK_IRQHandler                      0x08000163   Thumb Code     0  startup_stm32f10x_hd.o(.text)
    TIM1_CC_IRQHandler                       0x08000163   Thumb Code     0  startup_stm32f10x_hd.o(.text)
    TIM1_TRG_COM_IRQHandler                  0x08000163   Thumb Code     0  startup_stm32f10x_hd.o(.text)
    TIM1_UP_IRQHandler                       0x08000163   Thumb Code     0  startup_stm32f10x_hd.o(.text)
    TIM5_IRQHandler                          0x08000163   Thumb Code     0  startup_stm32f10x_hd.o(.text)
    TIM6_IRQHandler                          0x08000163   Thumb Code     0  startup_stm32f10x_hd.o(.text)
    TIM7_IRQHandler                          0x08000163   Thumb Code     0  startup_stm32f10x_hd.o(.text)
    TIM8_BRK_IRQHandler                      0x08000163   Thumb Code     0  startup_stm32f10x_hd.o(.text)
    TIM8_CC_IRQHandler                       0x08000163   Thumb Code     0  startup_stm32f10x_hd.o(.text)
    TIM8_TRG_COM_IRQHandler                  0x08000163   Thumb Code     0  startup_stm32f10x_hd.o(.text)
    TIM8_UP_IRQHandler                       0x08000163   Thumb Code     0  startup_stm32f10x_hd.o(.text)
    USBWakeUp_IRQHandler                     0x08000163   Thumb Code     0  startup_stm32f10x_hd.o(.text)
    USB_HP_CAN1_TX_IRQHandler                0x08000163   Thumb Code     0  startup_stm32f10x_hd.o(.text)
    USB_LP_CAN1_RX0_IRQHandler               0x08000163   Thumb Code     0  startup_stm32f10x_hd.o(.text)
    WWDG_IRQHandler                          0x08000163   Thumb Code     0  startup_stm32f10x_hd.o(.text)
    __aeabi_memset                           0x0800016d   Thumb Code    14  memseta.o(.text)
    __aeabi_memset4                          0x0800016d   Thumb Code     0  memseta.o(.text)
    __aeabi_memset8                          0x0800016d   Thumb Code     0  memseta.o(.text)
    __aeabi_memclr                           0x0800017b   Thumb Code     4  memseta.o(.text)
    __aeabi_memclr4                          0x0800017b   Thumb Code     0  memseta.o(.text)
    __aeabi_memclr8                          0x0800017b   Thumb Code     0  memseta.o(.text)
    _memset$wrapper                          0x0800017f   Thumb Code    18  memseta.o(.text)
    memcmp                                   0x08000191   Thumb Code    26  memcmp.o(.text)
    strtok                                   0x080001ad   Thumb Code    62  strtok.o(.text)
    __0sscanf                                0x080001f1   Thumb Code    48  __0sscanf.o(.text)
    _scanf_int                               0x08000229   Thumb Code   332  _scanf_int.o(.text)
    _scanf_real                              0x0800049d   Thumb Code     0  scanf_fp.o(.text)
    _scanf_really_real                       0x0800049d   Thumb Code   556  scanf_fp.o(.text)
    __aeabi_fadd                             0x080006d5   Thumb Code   164  fadd.o(.text)
    __aeabi_fsub                             0x08000779   Thumb Code     6  fadd.o(.text)
    __aeabi_frsub                            0x0800077f   Thumb Code     6  fadd.o(.text)
    __aeabi_fmul                             0x08000785   Thumb Code   100  fmul.o(.text)
    __ARM_scalbnf                            0x080007e9   Thumb Code    24  fscalb.o(.text)
    scalbnf                                  0x080007e9   Thumb Code     0  fscalb.o(.text)
    __aeabi_dadd                             0x08000801   Thumb Code   322  dadd.o(.text)
    __aeabi_dsub                             0x08000943   Thumb Code     6  dadd.o(.text)
    __aeabi_drsub                            0x08000949   Thumb Code     6  dadd.o(.text)
    __aeabi_dmul                             0x0800094f   Thumb Code   228  dmul.o(.text)
    __aeabi_ddiv                             0x08000a33   Thumb Code   222  ddiv.o(.text)
    __aeabi_i2f                              0x08000b11   Thumb Code    18  fflti.o(.text)
    __aeabi_ui2f                             0x08000b23   Thumb Code    10  ffltui.o(.text)
    __aeabi_i2d                              0x08000b2d   Thumb Code    34  dflti.o(.text)
    __aeabi_f2iz                             0x08000b4f   Thumb Code    50  ffixi.o(.text)
    __aeabi_f2uiz                            0x08000b81   Thumb Code    40  ffixui.o(.text)
    __aeabi_d2uiz                            0x08000ba9   Thumb Code    50  dfixui.o(.text)
    __aeabi_f2d                              0x08000bdb   Thumb Code    38  f2d.o(.text)
    __aeabi_cdcmpeq                          0x08000c01   Thumb Code     0  cdcmple.o(.text)
    __aeabi_cdcmple                          0x08000c01   Thumb Code    48  cdcmple.o(.text)
    __aeabi_cdrcmple                         0x08000c31   Thumb Code    48  cdrcmple.o(.text)
    __aeabi_d2f                              0x08000c61   Thumb Code    56  d2f.o(.text)
    __aeabi_cfcmpeq                          0x08000c99   Thumb Code     0  cfcmple.o(.text)
    __aeabi_cfcmple                          0x08000c99   Thumb Code    20  cfcmple.o(.text)
    __aeabi_uidiv                            0x08000cad   Thumb Code     0  uidiv.o(.text)
    __aeabi_uidivmod                         0x08000cad   Thumb Code    44  uidiv.o(.text)
    __aeabi_uldivmod                         0x08000cd9   Thumb Code    98  uldiv.o(.text)
    __aeabi_llsl                             0x08000d3b   Thumb Code    30  llshl.o(.text)
    _ll_shift_l                              0x08000d3b   Thumb Code     0  llshl.o(.text)
    __aeabi_llsr                             0x08000d59   Thumb Code    32  llushr.o(.text)
    _ll_ushift_r                             0x08000d59   Thumb Code     0  llushr.o(.text)
    __aeabi_lasr                             0x08000d79   Thumb Code    36  llsshr.o(.text)
    _ll_sshift_r                             0x08000d79   Thumb Code     0  llsshr.o(.text)
    _chval                                   0x08000d9d   Thumb Code    28  _chval.o(.text)
    __vfscanf_char                           0x08000dc5   Thumb Code    20  scanf_char.o(.text)
    _sgetc                                   0x08000de1   Thumb Code    30  _sgetc.o(.text)
    _sbackspace                              0x08000dff   Thumb Code    34  _sgetc.o(.text)
    __I$use$fp                               0x08000e21   Thumb Code     0  iusefp.o(.text)
    _float_round                             0x08000e21   Thumb Code    18  fepilogue.o(.text)
    _float_epilogue                          0x08000e33   Thumb Code    92  fepilogue.o(.text)
    _double_round                            0x08000e8f   Thumb Code    30  depilogue.o(.text)
    _double_epilogue                         0x08000ead   Thumb Code   156  depilogue.o(.text)
    __ARM_scalbn                             0x08000f49   Thumb Code    46  dscalb.o(.text)
    scalbn                                   0x08000f49   Thumb Code     0  dscalb.o(.text)
    _dsqrt                                   0x08000f77   Thumb Code   162  dsqrt.o(.text)
    __aeabi_ul2d                             0x08001019   Thumb Code    24  dfltul.o(.text)
    __aeabi_d2ulz                            0x08001031   Thumb Code    48  dfixul.o(.text)
    __scatterload                            0x08001061   Thumb Code    28  init.o(.text)
    __scatterload_rt2                        0x08001061   Thumb Code     0  init.o(.text)
    isspace                                  0x08001085   Thumb Code    10  isspace_c.o(.text)
    __vfscanf                                0x08001091   Thumb Code   810  _scanf.o(.text)
    __ctype_lookup                           0x080013c1   Thumb Code    34  ctype_c.o(.text)
    __decompress                             0x080013e9   Thumb Code     0  __dczerorl2.o(.text)
    __decompress1                            0x080013e9   Thumb Code    86  __dczerorl2.o(.text)
    A_left                                   0x08001441   Thumb Code    76  myservo.o(i.A_left)
    A_right                                  0x08001491   Thumb Code    78  myservo.o(i.A_right)
    ActGroup_func                            0x080014e5   Thumb Code    74  uppercp.o(i.ActGroup_func)
    ArmInit                                  0x08001559   Thumb Code    74  myservo.o(i.ArmInit)
    B_left                                   0x080015a9   Thumb Code    78  myservo.o(i.B_left)
    B_right                                  0x080015fd   Thumb Code    76  myservo.o(i.B_right)
    BusFault_Handler                         0x0800164d   Thumb Code     2  stm32f10x_it.o(i.BusFault_Handler)
    DebugMon_Handler                         0x0800164f   Thumb Code     2  stm32f10x_it.o(i.DebugMon_Handler)
    Delay_ms                                 0x08001651   Thumb Code    24  delay.o(i.Delay_ms)
    Delay_us                                 0x08001669   Thumb Code    32  delay.o(i.Delay_us)
    DiffX4_Wheel_Speed_Model_Config          0x08001689   Thumb Code   336  move.o(i.DiffX4_Wheel_Speed_Model_Config)
    Emm_V5_Synchronous_motion                0x080017ed   Thumb Code    50  bujin.o(i.Emm_V5_Synchronous_motion)
    Emm_V5_Vel_Control                       0x0800181f   Thumb Code    68  bujin.o(i.Emm_V5_Vel_Control)
    GPIO_Init                                0x08001863   Thumb Code   166  stm32f10x_gpio.o(i.GPIO_Init)
    GPIO_ReadOutputDataBit                   0x08001909   Thumb Code    14  stm32f10x_gpio.o(i.GPIO_ReadOutputDataBit)
    GPIO_ResetBits                           0x08001917   Thumb Code     4  stm32f10x_gpio.o(i.GPIO_ResetBits)
    GPIO_SetBits                             0x0800191b   Thumb Code     4  stm32f10x_gpio.o(i.GPIO_SetBits)
    GPIO_WriteBit                            0x0800191f   Thumb Code    12  stm32f10x_gpio.o(i.GPIO_WriteBit)
    GetPulse                                 0x0800192d   Thumb Code   618  myservo.o(i.GetPulse)
    HardFault_Handler                        0x08001c75   Thumb Code     2  stm32f10x_it.o(i.HardFault_Handler)
    IWDG_Enable                              0x08001c79   Thumb Code    10  stm32f10x_iwdg.o(i.IWDG_Enable)
    IWDG_Feed                                0x08001c89   Thumb Code     4  iwdg.o(i.IWDG_Feed)
    IWDG_Init                                0x08001c8d   Thumb Code    38  iwdg.o(i.IWDG_Init)
    IWDG_ReloadCounter                       0x08001cb5   Thumb Code    10  stm32f10x_iwdg.o(i.IWDG_ReloadCounter)
    IWDG_SetPrescaler                        0x08001cc5   Thumb Code     6  stm32f10x_iwdg.o(i.IWDG_SetPrescaler)
    IWDG_SetReload                           0x08001cd1   Thumb Code     6  stm32f10x_iwdg.o(i.IWDG_SetReload)
    IWDG_WriteAccessCmd                      0x08001cdd   Thumb Code     6  stm32f10x_iwdg.o(i.IWDG_WriteAccessCmd)
    JQ8x00_Command_Data                      0x08001ce9   Thumb Code   100  voice.o(i.JQ8x00_Command_Data)
    JQ8x00_Loop                              0x08001d51   Thumb Code    20  voice.o(i.JQ8x00_Loop)
    JQ8x00_Loop_times2                       0x08001d6d   Thumb Code    20  voice.o(i.JQ8x00_Loop_times2)
    JQ8x00_Over                              0x08001d89   Thumb Code    18  voice.o(i.JQ8x00_Over)
    JQ8x00_RandomPathPlay                    0x08001da1   Thumb Code   118  voice.o(i.JQ8x00_RandomPathPlay)
    JQ8x00_RandomPathPlay_Inserch            0x08001e1d   Thumb Code   118  voice.o(i.JQ8x00_RandomPathPlay_Inserch)
    JQ8x00_Volumn                            0x08001e99   Thumb Code     8  voice.o(i.JQ8x00_Volumn)
    LED1_Turn                                0x08001ea1   Thumb Code    42  led.o(i.LED1_Turn)
    LED2_Turn                                0x08001ed1   Thumb Code    42  led.o(i.LED2_Turn)
    LED3_Turn                                0x08001f01   Thumb Code    42  led.o(i.LED3_Turn)
    LED_Init                                 0x08001f31   Thumb Code    50  led.o(i.LED_Init)
    Look_func                                0x08001f69   Thumb Code    72  uppercp.o(i.Look_func)
    Looking                                  0x08001fdd   Thumb Code    36  myservo.o(i.Looking)
    MemManage_Handler                        0x08002001   Thumb Code     2  stm32f10x_it.o(i.MemManage_Handler)
    Move_Updata                              0x08002005   Thumb Code   424  move.o(i.Move_Updata)
    NMI_Handler                              0x080021f5   Thumb Code     2  stm32f10x_it.o(i.NMI_Handler)
    NVIC_Init                                0x080021f9   Thumb Code    96  misc.o(i.NVIC_Init)
    NVIC_PriorityGroupConfig                 0x0800225d   Thumb Code    10  misc.o(i.NVIC_PriorityGroupConfig)
    OLED_Clear                               0x08002271   Thumb Code    92  oled.o(i.OLED_Clear)
    OLED_I2C_Init                            0x080022d1   Thumb Code    74  oled.o(i.OLED_I2C_Init)
    OLED_I2C_SendByte                        0x08002321   Thumb Code    86  oled.o(i.OLED_I2C_SendByte)
    OLED_I2C_Start                           0x0800237d   Thumb Code    48  oled.o(i.OLED_I2C_Start)
    OLED_I2C_Stop                            0x080023b1   Thumb Code    38  oled.o(i.OLED_I2C_Stop)
    OLED_Init                                0x080023dd   Thumb Code   236  oled.o(i.OLED_Init)
    OLED_Refresh_Gram                        0x080024c9   Thumb Code    64  oled.o(i.OLED_Refresh_Gram)
    OLED_Set_Pos                             0x0800250d   Thumb Code    40  oled.o(i.OLED_Set_Pos)
    OLED_ShowCHinese                         0x08002535   Thumb Code    88  oled.o(i.OLED_ShowCHinese)
    OLED_ShowChar                            0x08002591   Thumb Code   134  oled.o(i.OLED_ShowChar)
    OLED_ShowData                            0x08002621   Thumb Code   150  function.o(i.OLED_ShowData)
    OLED_ShowFloat                           0x080026c5   Thumb Code   244  oled.o(i.OLED_ShowFloat)
    OLED_ShowNum                             0x080027c9   Thumb Code   120  oled.o(i.OLED_ShowNum)
    OLED_ShowString                          0x08002841   Thumb Code    54  oled.o(i.OLED_ShowString)
    OLED_WR_Byte                             0x08002877   Thumb Code    16  oled.o(i.OLED_WR_Byte)
    OLED_Write_Command                       0x08002887   Thumb Code    34  oled.o(i.OLED_Write_Command)
    OLED_Write_Data                          0x080028a9   Thumb Code    34  oled.o(i.OLED_Write_Data)
    PendSV_Handler                           0x080028cb   Thumb Code     2  stm32f10x_it.o(i.PendSV_Handler)
    QR_Star                                  0x080028cd   Thumb Code     6  qr.o(i.QR_Star)
    QR_Stop                                  0x080028e1   Thumb Code     6  qr.o(i.QR_Stop)
    QR_func                                  0x080028f5   Thumb Code   118  uppercp.o(i.QR_func)
    RCC_APB1PeriphClockCmd                   0x0800298d   Thumb Code    22  stm32f10x_rcc.o(i.RCC_APB1PeriphClockCmd)
    RCC_APB2PeriphClockCmd                   0x080029a9   Thumb Code    22  stm32f10x_rcc.o(i.RCC_APB2PeriphClockCmd)
    RCC_GetClocksFreq                        0x080029c5   Thumb Code   154  stm32f10x_rcc.o(i.RCC_GetClocksFreq)
    SVC_Handler                              0x08002a71   Thumb Code     2  stm32f10x_it.o(i.SVC_Handler)
    Serial1_SendArray                        0x08002a73   Thumb Code    26  serial.o(i.Serial1_SendArray)
    Serial1_SendByte                         0x08002a8d   Thumb Code    26  serial.o(i.Serial1_SendByte)
    Serial2_SendArray                        0x08002aad   Thumb Code    26  serial.o(i.Serial2_SendArray)
    Serial2_SendByte                         0x08002ac9   Thumb Code    26  serial.o(i.Serial2_SendByte)
    Serial3_SendArray                        0x08002ae9   Thumb Code    26  serial.o(i.Serial3_SendArray)
    Serial3_SendByte                         0x08002b05   Thumb Code    26  serial.o(i.Serial3_SendByte)
    Serial4_GetRxFlag                        0x08002b25   Thumb Code    20  serial.o(i.Serial4_GetRxFlag)
    Serial4_SendByte                         0x08002b3d   Thumb Code    26  serial.o(i.Serial4_SendByte)
    Serial4_SendString                       0x08002b5d   Thumb Code    24  serial.o(i.Serial4_SendString)
    Serial5_Printf                           0x08002b75   Thumb Code    28  serial.o(i.Serial5_Printf)
    Serial5_SendArray                        0x08002b91   Thumb Code    26  serial.o(i.Serial5_SendArray)
    Serial5_SendByte                         0x08002bad   Thumb Code    26  serial.o(i.Serial5_SendByte)
    Serial5_SendString                       0x08002bcd   Thumb Code    24  serial.o(i.Serial5_SendString)
    Serial_Init                              0x08002be5   Thumb Code   790  serial.o(i.Serial_Init)
    SysTick_Handler                          0x08002fd5   Thumb Code     2  stm32f10x_it.o(i.SysTick_Handler)
    SystemInit                               0x08002fd9   Thumb Code    64  system_stm32f10x.o(i.SystemInit)
    System_Init                              0x08003029   Thumb Code    40  function.o(i.System_Init)
    TIM2_IRQHandler                          0x08003051   Thumb Code    38  timer.o(i.TIM2_IRQHandler)
    TIM3_IRQHandler                          0x0800307d   Thumb Code    56  timer.o(i.TIM3_IRQHandler)
    TIM4_IRQHandler                          0x080030c1   Thumb Code    54  timer.o(i.TIM4_IRQHandler)
    TIM_ClearFlag                            0x08003109   Thumb Code     6  stm32f10x_tim.o(i.TIM_ClearFlag)
    TIM_ClearITPendingBit                    0x0800310f   Thumb Code     6  stm32f10x_tim.o(i.TIM_ClearITPendingBit)
    TIM_Cmd                                  0x08003115   Thumb Code    24  stm32f10x_tim.o(i.TIM_Cmd)
    TIM_GetITStatus                          0x0800312d   Thumb Code    24  stm32f10x_tim.o(i.TIM_GetITStatus)
    TIM_ITConfig                             0x08003145   Thumb Code    20  stm32f10x_tim.o(i.TIM_ITConfig)
    TIM_InternalClockConfig                  0x08003159   Thumb Code    10  stm32f10x_tim.o(i.TIM_InternalClockConfig)
    TIM_TimeBaseInit                         0x08003165   Thumb Code   114  stm32f10x_tim.o(i.TIM_TimeBaseInit)
    Timer2_Init                              0x08003201   Thumb Code   128  timer.o(i.Timer2_Init)
    TurnAngle                                0x08003281   Thumb Code    22  myservo.o(i.TurnAngle)
    UART3_SendCode                           0x080032a5   Thumb Code    46  serial.o(i.UART3_SendCode)
    UART4_IRQHandler                         0x080032d9   Thumb Code    58  serial.o(i.UART4_IRQHandler)
    UART5_IRQHandler                         0x08003321   Thumb Code    52  serial.o(i.UART5_IRQHandler)
    USART1_IRQHandler                        0x08003361   Thumb Code    36  serial.o(i.USART1_IRQHandler)
    USART2_IRQHandler                        0x08003389   Thumb Code    36  serial.o(i.USART2_IRQHandler)
    USART3_IRQHandler                        0x080033b1   Thumb Code    36  serial.o(i.USART3_IRQHandler)
    USART_ClearITPendingBit                  0x080033d9   Thumb Code    16  stm32f10x_usart.o(i.USART_ClearITPendingBit)
    USART_Cmd                                0x080033e9   Thumb Code    24  stm32f10x_usart.o(i.USART_Cmd)
    USART_GetFlagStatus                      0x08003401   Thumb Code    14  stm32f10x_usart.o(i.USART_GetFlagStatus)
    USART_GetITStatus                        0x0800340f   Thumb Code    64  stm32f10x_usart.o(i.USART_GetITStatus)
    USART_ITConfig                           0x0800344f   Thumb Code    54  stm32f10x_usart.o(i.USART_ITConfig)
    USART_Init                               0x08003485   Thumb Code   182  stm32f10x_usart.o(i.USART_Init)
    USART_ReceiveData                        0x08003541   Thumb Code     8  stm32f10x_usart.o(i.USART_ReceiveData)
    USART_SendData                           0x08003549   Thumb Code     8  stm32f10x_usart.o(i.USART_SendData)
    UpperCP_RX                               0x08003551   Thumb Code   128  uppercp.o(i.UpperCP_RX)
    UsageFault_Handler                       0x080035f9   Thumb Code     2  stm32f10x_it.o(i.UsageFault_Handler)
    UsrFunction                              0x080035fb   Thumb Code    30  function.o(i.UsrFunction)
    Voice_Num                                0x08003619   Thumb Code   390  voice.o(i.Voice_Num)
    ZhuaZi_close                             0x080037a5   Thumb Code    14  myservo.o(i.ZhuaZi_close)
    ZhuaZi_func                              0x080037b5   Thumb Code    94  uppercp.o(i.ZhuaZi_func)
    ZhuaZi_open                              0x0800383d   Thumb Code    14  myservo.o(i.ZhuaZi_open)
    __0vsprintf                              0x0800384d   Thumb Code    30  printfa.o(i.__0vsprintf)
    __1vsprintf                              0x0800384d   Thumb Code     0  printfa.o(i.__0vsprintf)
    __2vsprintf                              0x0800384d   Thumb Code     0  printfa.o(i.__0vsprintf)
    __c89vsprintf                            0x0800384d   Thumb Code     0  printfa.o(i.__0vsprintf)
    vsprintf                                 0x0800384d   Thumb Code     0  printfa.o(i.__0vsprintf)
    __ARM_fpclassify                         0x08003871   Thumb Code    40  fpclassify.o(i.__ARM_fpclassify)
    __kernel_poly                            0x08003899   Thumb Code   170  poly.o(i.__kernel_poly)
    __mathlib_dbl_infnan                     0x08003943   Thumb Code     6  dunder.o(i.__mathlib_dbl_infnan)
    __mathlib_dbl_infnan2                    0x08003949   Thumb Code     4  dunder.o(i.__mathlib_dbl_infnan2)
    __mathlib_dbl_invalid                    0x0800394d   Thumb Code    12  dunder.o(i.__mathlib_dbl_invalid)
    __mathlib_dbl_underflow                  0x08003959   Thumb Code    10  dunder.o(i.__mathlib_dbl_underflow)
    __scatterload_copy                       0x08003969   Thumb Code    14  handlers.o(i.__scatterload_copy)
    __scatterload_null                       0x08003977   Thumb Code     2  handlers.o(i.__scatterload_null)
    __scatterload_zeroinit                   0x08003979   Thumb Code    14  handlers.o(i.__scatterload_zeroinit)
    __set_errno                              0x08003989   Thumb Code     6  errno.o(i.__set_errno)
    _is_digit                                0x08003b19   Thumb Code    14  scanf_fp.o(i._is_digit)
    acos                                     0x08004239   Thumb Code   574  acos.o(i.acos)
    angle_speed_func                         0x080044b5   Thumb Code    88  uppercp.o(i.angle_speed_func)
    atan                                     0x08004539   Thumb Code   474  atan.o(i.atan)
    atan2                                    0x08004759   Thumb Code   374  atan2.o(i.atan2)
    cmd_func                                 0x080048f5   Thumb Code    74  uppercp.o(i.cmd_func)
    main                                     0x0800495d   Thumb Code    14  main.o(i.main)
    moveServo                                0x0800496d   Thumb Code    58  servo.o(i.moveServo)
    oled_pow                                 0x080049ad   Thumb Code    16  oled.o(i.oled_pow)
    runActionGroup                           0x080049bd   Thumb Code    32  servo.o(i.runActionGroup)
    servo_func                               0x080049e1   Thumb Code   976  uppercp.o(i.servo_func)
    speed_func                               0x08004e41   Thumb Code    88  uppercp.o(i.speed_func)
    sqrt                                     0x08004ec1   Thumb Code    76  sqrt.o(i.sqrt)
    voice_func                               0x08004f0d   Thumb Code    72  uppercp.o(i.voice_func)
    voice_set_func                           0x08004f81   Thumb Code    72  uppercp.o(i.voice_set_func)
    F6x8                                     0x08004ff4   Data         552  oled.o(.constdata)
    F8X16                                    0x0800521c   Data        1520  oled.o(.constdata)
    __mathlib_zero                           0x08005908   Data           8  qnan.o(.constdata)
    __ctype_categories                       0x08005910   Data          64  ctype_c.o(.constdata)
    Region$$Table$$Base                      0x08005950   Number         0  anon$$obj.o(Region$$Table)
    Region$$Table$$Limit                     0x08005970   Number         0  anon$$obj.o(Region$$Table)
    time                                     0x20000016   Data           2  function.o(.data)
    Serial5_RxFlag                           0x20000018   Data           1  serial.o(.data)
    Serial4_RxPacketLen                      0x20000019   Data           1  serial.o(.data)
    Serial1_RxFlag                           0x2000001b   Data           1  serial.o(.data)
    Serial2_RxFlag                           0x2000001c   Data           1  serial.o(.data)
    Serial3_RxFlag                           0x2000001d   Data           1  serial.o(.data)
    Serial4_RxFlag                           0x2000001e   Data           1  serial.o(.data)
    Ring_head                                0x20000020   Data           2  serial.o(.data)
    Ring_tail                                0x20000022   Data           2  serial.o(.data)
    RxState                                  0x20000024   Data           1  serial.o(.data)
    pRxPacket                                0x20000025   Data           1  serial.o(.data)
    cmd_RxPacket                             0x20000026   Data           5  serial.o(.data)
    Timer_Flag                               0x2000002c   Data           1  timer.o(.data)
    Timer1_Flag                              0x2000002d   Data           1  timer.o(.data)
    Timer4_Flag                              0x2000002e   Data           1  timer.o(.data)
    Flag99                                   0x20000030   Data           2  timer.o(.data)
    v                                        0x2000003c   Data           8  move.o(.data)
    Hzk                                      0x20000046   Data         224  oled.o(.data)
    Pulse0_Real                              0x20000128   Data           2  myservo.o(.data)
    Pulse1_Real                              0x2000012a   Data           2  myservo.o(.data)
    Pulse2_Real                              0x2000012c   Data           2  myservo.o(.data)
    Pulse3_Real                              0x2000012e   Data           2  myservo.o(.data)
    Pulse0_Tar                               0x20000130   Data           2  myservo.o(.data)
    Pulse1_Tar                               0x20000132   Data           2  myservo.o(.data)
    Pulse2_Tar                               0x20000134   Data           2  myservo.o(.data)
    Pulse3_Tar                               0x20000136   Data           2  myservo.o(.data)
    theta1                                   0x20000138   Data           8  myservo.o(.data)
    theta2                                   0x20000140   Data           8  myservo.o(.data)
    theta3                                   0x20000148   Data           8  myservo.o(.data)
    ret                                      0x20000154   Data           4  uppercp.o(.data)
    A1                                       0x20000158   Data           4  uppercp.o(.data)
    A2                                       0x2000015c   Data           4  uppercp.o(.data)
    B1                                       0x20000160   Data           4  uppercp.o(.data)
    B2                                       0x20000164   Data           4  uppercp.o(.data)
    C1                                       0x20000168   Data           4  uppercp.o(.data)
    C2                                       0x2000016c   Data           4  uppercp.o(.data)
    D1                                       0x20000170   Data           4  uppercp.o(.data)
    D2                                       0x20000174   Data           4  uppercp.o(.data)
    num1                                     0x20000178   Data           7  voice.o(.data)
    num2                                     0x2000017f   Data           7  voice.o(.data)
    num3                                     0x20000186   Data           7  voice.o(.data)
    num5                                     0x2000018d   Data           7  voice.o(.data)
    num6                                     0x20000194   Data           7  voice.o(.data)
    num7                                     0x2000019b   Data           7  voice.o(.data)
    num8                                     0x200001a2   Data           7  voice.o(.data)
    num9                                     0x200001a9   Data           7  voice.o(.data)
    num10                                    0x200001b0   Data           7  voice.o(.data)
    Apple                                    0x200001b7   Data           7  voice.o(.data)
    Pear                                     0x200001be   Data           7  voice.o(.data)
    Pumpkin                                  0x200001c5   Data           7  voice.o(.data)
    Pepper                                   0x200001cc   Data           7  voice.o(.data)
    Tomato                                   0x200001d3   Data           7  voice.o(.data)
    Onion                                    0x200001da   Data           7  voice.o(.data)
    Teaminfor                                0x200001e1   Data           7  voice.o(.data)
    Mature                                   0x200001e8   Data           7  voice.o(.data)
    Inmature                                 0x200001ef   Data           7  voice.o(.data)
    ErWeiMa                                  0x200001f6   Data           7  voice.o(.data)
    Music                                    0x200001fd   Data           7  voice.o(.data)
    numArray                                 0x20000204   Data          44  voice.o(.data)
    num4                                     0x20000230   Data           7  voice.o(.data)
    Serial4_RxPacket                         0x20000240   Data         100  serial.o(.bss)
    RingBuff                                 0x200002a4   Data         256  serial.o(.bss)
    speed                                    0x200003a4   Data          12  move.o(.bss)
    angle_speed                              0x200003b0   Data          12  move.o(.bss)
    OLED_GRAM                                0x200003bc   Data        1024  oled.o(.bss)
    LobotTxBuf                               0x200007bc   Data         128  servo.o(.bss)
    __initial_sp                             0x20000c40   Data           0  startup_stm32f10x_hd.o(STACK)



==============================================================================

Memory Map of the image

  Image Entry point : 0x08000131

  Load Region LR_IROM1 (Base: 0x08000000, Size: 0x00005bb0, Max: 0x00080000, ABSOLUTE, COMPRESSED[0x00005a98])

    Execution Region ER_IROM1 (Exec base: 0x08000000, Load base: 0x08000000, Size: 0x00005970, Max: 0x00080000, ABSOLUTE)

    Exec Addr    Load Addr    Size         Type   Attr      Idx    E Section Name        Object

    0x08000000   0x08000000   0x00000130   Data   RO          132    RESET               startup_stm32f10x_hd.o
    0x08000130   0x08000130   0x00000000   Code   RO         4717  * .ARM.Collect$$$$00000000  mc_w.l(entry.o)
    0x08000130   0x08000130   0x00000004   Code   RO         4833    .ARM.Collect$$$$00000001  mc_w.l(entry2.o)
    0x08000134   0x08000134   0x00000004   Code   RO         4836    .ARM.Collect$$$$00000004  mc_w.l(entry5.o)
    0x08000138   0x08000138   0x00000000   Code   RO         4838    .ARM.Collect$$$$00000008  mc_w.l(entry7b.o)
    0x08000138   0x08000138   0x00000000   Code   RO         4840    .ARM.Collect$$$$0000000A  mc_w.l(entry8b.o)
    0x08000138   0x08000138   0x00000008   Code   RO         4841    .ARM.Collect$$$$0000000B  mc_w.l(entry9a.o)
    0x08000140   0x08000140   0x00000004   Code   RO         4848    .ARM.Collect$$$$0000000E  mc_w.l(entry12b.o)
    0x08000144   0x08000144   0x00000000   Code   RO         4843    .ARM.Collect$$$$0000000F  mc_w.l(entry10a.o)
    0x08000144   0x08000144   0x00000000   Code   RO         4845    .ARM.Collect$$$$00000011  mc_w.l(entry11a.o)
    0x08000144   0x08000144   0x00000004   Code   RO         4834    .ARM.Collect$$$$00002712  mc_w.l(entry2.o)
    0x08000148   0x08000148   0x00000024   Code   RO          133    .text               startup_stm32f10x_hd.o
    0x0800016c   0x0800016c   0x00000024   Code   RO         4720    .text               mc_w.l(memseta.o)
    0x08000190   0x08000190   0x0000001a   Code   RO         4722    .text               mc_w.l(memcmp.o)
    0x080001aa   0x080001aa   0x00000002   PAD
    0x080001ac   0x080001ac   0x00000044   Code   RO         4724    .text               mc_w.l(strtok.o)
    0x080001f0   0x080001f0   0x00000038   Code   RO         4758    .text               mc_w.l(__0sscanf.o)
    0x08000228   0x08000228   0x0000014c   Code   RO         4760    .text               mc_w.l(_scanf_int.o)
    0x08000374   0x08000374   0x00000360   Code   RO         4762    .text               mc_w.l(scanf_fp.o)
    0x080006d4   0x080006d4   0x000000b0   Code   RO         4766    .text               mf_w.l(fadd.o)
    0x08000784   0x08000784   0x00000064   Code   RO         4768    .text               mf_w.l(fmul.o)
    0x080007e8   0x080007e8   0x00000018   Code   RO         4772    .text               mf_w.l(fscalb.o)
    0x08000800   0x08000800   0x0000014e   Code   RO         4774    .text               mf_w.l(dadd.o)
    0x0800094e   0x0800094e   0x000000e4   Code   RO         4776    .text               mf_w.l(dmul.o)
    0x08000a32   0x08000a32   0x000000de   Code   RO         4778    .text               mf_w.l(ddiv.o)
    0x08000b10   0x08000b10   0x00000012   Code   RO         4780    .text               mf_w.l(fflti.o)
    0x08000b22   0x08000b22   0x0000000a   Code   RO         4782    .text               mf_w.l(ffltui.o)
    0x08000b2c   0x08000b2c   0x00000022   Code   RO         4784    .text               mf_w.l(dflti.o)
    0x08000b4e   0x08000b4e   0x00000032   Code   RO         4788    .text               mf_w.l(ffixi.o)
    0x08000b80   0x08000b80   0x00000028   Code   RO         4790    .text               mf_w.l(ffixui.o)
    0x08000ba8   0x08000ba8   0x00000032   Code   RO         4792    .text               mf_w.l(dfixui.o)
    0x08000bda   0x08000bda   0x00000026   Code   RO         4794    .text               mf_w.l(f2d.o)
    0x08000c00   0x08000c00   0x00000030   Code   RO         4796    .text               mf_w.l(cdcmple.o)
    0x08000c30   0x08000c30   0x00000030   Code   RO         4798    .text               mf_w.l(cdrcmple.o)
    0x08000c60   0x08000c60   0x00000038   Code   RO         4800    .text               mf_w.l(d2f.o)
    0x08000c98   0x08000c98   0x00000014   Code   RO         4802    .text               mf_w.l(cfcmple.o)
    0x08000cac   0x08000cac   0x0000002c   Code   RO         4852    .text               mc_w.l(uidiv.o)
    0x08000cd8   0x08000cd8   0x00000062   Code   RO         4854    .text               mc_w.l(uldiv.o)
    0x08000d3a   0x08000d3a   0x0000001e   Code   RO         4856    .text               mc_w.l(llshl.o)
    0x08000d58   0x08000d58   0x00000020   Code   RO         4858    .text               mc_w.l(llushr.o)
    0x08000d78   0x08000d78   0x00000024   Code   RO         4860    .text               mc_w.l(llsshr.o)
    0x08000d9c   0x08000d9c   0x0000001c   Code   RO         4869    .text               mc_w.l(_chval.o)
    0x08000db8   0x08000db8   0x00000028   Code   RO         4871    .text               mc_w.l(scanf_char.o)
    0x08000de0   0x08000de0   0x00000040   Code   RO         4873    .text               mc_w.l(_sgetc.o)
    0x08000e20   0x08000e20   0x00000000   Code   RO         4875    .text               mc_w.l(iusefp.o)
    0x08000e20   0x08000e20   0x0000006e   Code   RO         4876    .text               mf_w.l(fepilogue.o)
    0x08000e8e   0x08000e8e   0x000000ba   Code   RO         4878    .text               mf_w.l(depilogue.o)
    0x08000f48   0x08000f48   0x0000002e   Code   RO         4880    .text               mf_w.l(dscalb.o)
    0x08000f76   0x08000f76   0x000000a2   Code   RO         4882    .text               mf_w.l(dsqrt.o)
    0x08001018   0x08001018   0x00000018   Code   RO         4884    .text               mf_w.l(dfltul.o)
    0x08001030   0x08001030   0x00000030   Code   RO         4886    .text               mf_w.l(dfixul.o)
    0x08001060   0x08001060   0x00000024   Code   RO         4888    .text               mc_w.l(init.o)
    0x08001084   0x08001084   0x0000000a   Code   RO         4891    .text               mc_w.l(isspace_c.o)
    0x0800108e   0x0800108e   0x00000002   PAD
    0x08001090   0x08001090   0x00000330   Code   RO         4893    .text               mc_w.l(_scanf.o)
    0x080013c0   0x080013c0   0x00000028   Code   RO         4896    .text               mc_w.l(ctype_c.o)
    0x080013e8   0x080013e8   0x00000056   Code   RO         4907    .text               mc_w.l(__dczerorl2.o)
    0x0800143e   0x0800143e   0x00000002   PAD
    0x08001440   0x08001440   0x00000050   Code   RO         4278    i.A_left            myservo.o
    0x08001490   0x08001490   0x00000054   Code   RO         4279    i.A_right           myservo.o
    0x080014e4   0x080014e4   0x00000074   Code   RO         4419    i.ActGroup_func     uppercp.o
    0x08001558   0x08001558   0x00000050   Code   RO         4280    i.ArmInit           myservo.o
    0x080015a8   0x080015a8   0x00000054   Code   RO         4281    i.B_left            myservo.o
    0x080015fc   0x080015fc   0x00000050   Code   RO         4282    i.B_right           myservo.o
    0x0800164c   0x0800164c   0x00000002   Code   RO         3234    i.BusFault_Handler  stm32f10x_it.o
    0x0800164e   0x0800164e   0x00000002   Code   RO         3235    i.DebugMon_Handler  stm32f10x_it.o
    0x08001650   0x08001650   0x00000018   Code   RO         3457    i.Delay_ms          delay.o
    0x08001668   0x08001668   0x00000020   Code   RO         3459    i.Delay_us          delay.o
    0x08001688   0x08001688   0x00000164   Code   RO         3970    i.DiffX4_Wheel_Speed_Model_Config  move.o
    0x080017ec   0x080017ec   0x00000032   Code   RO         3885    i.Emm_V5_Synchronous_motion  bujin.o
    0x0800181e   0x0800181e   0x00000044   Code   RO         3886    i.Emm_V5_Vel_Control  bujin.o
    0x08001862   0x08001862   0x000000a6   Code   RO         1347    i.GPIO_Init         stm32f10x_gpio.o
    0x08001908   0x08001908   0x0000000e   Code   RO         1353    i.GPIO_ReadOutputDataBit  stm32f10x_gpio.o
    0x08001916   0x08001916   0x00000004   Code   RO         1354    i.GPIO_ResetBits    stm32f10x_gpio.o
    0x0800191a   0x0800191a   0x00000004   Code   RO         1355    i.GPIO_SetBits      stm32f10x_gpio.o
    0x0800191e   0x0800191e   0x0000000c   Code   RO         1358    i.GPIO_WriteBit     stm32f10x_gpio.o
    0x0800192a   0x0800192a   0x00000002   PAD
    0x0800192c   0x0800192c   0x00000348   Code   RO         4283    i.GetPulse          myservo.o
    0x08001c74   0x08001c74   0x00000002   Code   RO         3236    i.HardFault_Handler  stm32f10x_it.o
    0x08001c76   0x08001c76   0x00000002   PAD
    0x08001c78   0x08001c78   0x00000010   Code   RO         1665    i.IWDG_Enable       stm32f10x_iwdg.o
    0x08001c88   0x08001c88   0x00000004   Code   RO         3859    i.IWDG_Feed         iwdg.o
    0x08001c8c   0x08001c8c   0x00000026   Code   RO         3860    i.IWDG_Init         iwdg.o
    0x08001cb2   0x08001cb2   0x00000002   PAD
    0x08001cb4   0x08001cb4   0x00000010   Code   RO         1667    i.IWDG_ReloadCounter  stm32f10x_iwdg.o
    0x08001cc4   0x08001cc4   0x0000000c   Code   RO         1668    i.IWDG_SetPrescaler  stm32f10x_iwdg.o
    0x08001cd0   0x08001cd0   0x0000000c   Code   RO         1669    i.IWDG_SetReload    stm32f10x_iwdg.o
    0x08001cdc   0x08001cdc   0x0000000c   Code   RO         1670    i.IWDG_WriteAccessCmd  stm32f10x_iwdg.o
    0x08001ce8   0x08001ce8   0x00000068   Code   RO         4500    i.JQ8x00_Command_Data  voice.o
    0x08001d50   0x08001d50   0x0000001c   Code   RO         4502    i.JQ8x00_Loop       voice.o
    0x08001d6c   0x08001d6c   0x0000001c   Code   RO         4503    i.JQ8x00_Loop_times2  voice.o
    0x08001d88   0x08001d88   0x00000018   Code   RO         4504    i.JQ8x00_Over       voice.o
    0x08001da0   0x08001da0   0x0000007c   Code   RO         4505    i.JQ8x00_RandomPathPlay  voice.o
    0x08001e1c   0x08001e1c   0x0000007c   Code   RO         4506    i.JQ8x00_RandomPathPlay_Inserch  voice.o
    0x08001e98   0x08001e98   0x00000008   Code   RO         4508    i.JQ8x00_Volumn     voice.o
    0x08001ea0   0x08001ea0   0x00000030   Code   RO         3937    i.LED1_Turn         led.o
    0x08001ed0   0x08001ed0   0x00000030   Code   RO         3938    i.LED2_Turn         led.o
    0x08001f00   0x08001f00   0x00000030   Code   RO         3939    i.LED3_Turn         led.o
    0x08001f30   0x08001f30   0x00000038   Code   RO         3940    i.LED_Init          led.o
    0x08001f68   0x08001f68   0x00000074   Code   RO         4420    i.Look_func         uppercp.o
    0x08001fdc   0x08001fdc   0x00000024   Code   RO         4284    i.Looking           myservo.o
    0x08002000   0x08002000   0x00000002   Code   RO         3237    i.MemManage_Handler  stm32f10x_it.o
    0x08002002   0x08002002   0x00000002   PAD
    0x08002004   0x08002004   0x000001f0   Code   RO         3971    i.Move_Updata       move.o
    0x080021f4   0x080021f4   0x00000002   Code   RO         3238    i.NMI_Handler       stm32f10x_it.o
    0x080021f6   0x080021f6   0x00000002   PAD
    0x080021f8   0x080021f8   0x00000064   Code   RO          137    i.NVIC_Init         misc.o
    0x0800225c   0x0800225c   0x00000014   Code   RO          138    i.NVIC_PriorityGroupConfig  misc.o
    0x08002270   0x08002270   0x00000060   Code   RO         4076    i.OLED_Clear        oled.o
    0x080022d0   0x080022d0   0x00000050   Code   RO         4083    i.OLED_I2C_Init     oled.o
    0x08002320   0x08002320   0x0000005c   Code   RO         4084    i.OLED_I2C_SendByte  oled.o
    0x0800237c   0x0800237c   0x00000034   Code   RO         4085    i.OLED_I2C_Start    oled.o
    0x080023b0   0x080023b0   0x0000002c   Code   RO         4086    i.OLED_I2C_Stop     oled.o
    0x080023dc   0x080023dc   0x000000ec   Code   RO         4087    i.OLED_Init         oled.o
    0x080024c8   0x080024c8   0x00000044   Code   RO         4089    i.OLED_Refresh_Gram  oled.o
    0x0800250c   0x0800250c   0x00000028   Code   RO         4090    i.OLED_Set_Pos      oled.o
    0x08002534   0x08002534   0x0000005c   Code   RO         4091    i.OLED_ShowCHinese  oled.o
    0x08002590   0x08002590   0x00000090   Code   RO         4092    i.OLED_ShowChar     oled.o
    0x08002620   0x08002620   0x000000a4   Code   RO         3297    i.OLED_ShowData     function.o
    0x080026c4   0x080026c4   0x00000104   Code   RO         4093    i.OLED_ShowFloat    oled.o
    0x080027c8   0x080027c8   0x00000078   Code   RO         4094    i.OLED_ShowNum      oled.o
    0x08002840   0x08002840   0x00000036   Code   RO         4095    i.OLED_ShowString   oled.o
    0x08002876   0x08002876   0x00000010   Code   RO         4096    i.OLED_WR_Byte      oled.o
    0x08002886   0x08002886   0x00000022   Code   RO         4097    i.OLED_Write_Command  oled.o
    0x080028a8   0x080028a8   0x00000022   Code   RO         4098    i.OLED_Write_Data   oled.o
    0x080028ca   0x080028ca   0x00000002   Code   RO         3239    i.PendSV_Handler    stm32f10x_it.o
    0x080028cc   0x080028cc   0x00000014   Code   RO         4249    i.QR_Star           qr.o
    0x080028e0   0x080028e0   0x00000014   Code   RO         4250    i.QR_Stop           qr.o
    0x080028f4   0x080028f4   0x00000098   Code   RO         4421    i.QR_func           uppercp.o
    0x0800298c   0x0800298c   0x0000001c   Code   RO         1775    i.RCC_APB1PeriphClockCmd  stm32f10x_rcc.o
    0x080029a8   0x080029a8   0x0000001c   Code   RO         1777    i.RCC_APB2PeriphClockCmd  stm32f10x_rcc.o
    0x080029c4   0x080029c4   0x000000ac   Code   RO         1785    i.RCC_GetClocksFreq  stm32f10x_rcc.o
    0x08002a70   0x08002a70   0x00000002   Code   RO         3240    i.SVC_Handler       stm32f10x_it.o
    0x08002a72   0x08002a72   0x0000001a   Code   RO         3516    i.Serial1_SendArray  serial.o
    0x08002a8c   0x08002a8c   0x00000020   Code   RO         3517    i.Serial1_SendByte  serial.o
    0x08002aac   0x08002aac   0x0000001a   Code   RO         3522    i.Serial2_SendArray  serial.o
    0x08002ac6   0x08002ac6   0x00000002   PAD
    0x08002ac8   0x08002ac8   0x00000020   Code   RO         3523    i.Serial2_SendByte  serial.o
    0x08002ae8   0x08002ae8   0x0000001a   Code   RO         3528    i.Serial3_SendArray  serial.o
    0x08002b02   0x08002b02   0x00000002   PAD
    0x08002b04   0x08002b04   0x00000020   Code   RO         3529    i.Serial3_SendByte  serial.o
    0x08002b24   0x08002b24   0x00000018   Code   RO         3532    i.Serial4_GetRxFlag  serial.o
    0x08002b3c   0x08002b3c   0x00000020   Code   RO         3535    i.Serial4_SendByte  serial.o
    0x08002b5c   0x08002b5c   0x00000018   Code   RO         3537    i.Serial4_SendString  serial.o
    0x08002b74   0x08002b74   0x0000001c   Code   RO         3539    i.Serial5_Printf    serial.o
    0x08002b90   0x08002b90   0x0000001a   Code   RO         3540    i.Serial5_SendArray  serial.o
    0x08002baa   0x08002baa   0x00000002   PAD
    0x08002bac   0x08002bac   0x00000020   Code   RO         3541    i.Serial5_SendByte  serial.o
    0x08002bcc   0x08002bcc   0x00000018   Code   RO         3543    i.Serial5_SendString  serial.o
    0x08002be4   0x08002be4   0x0000033c   Code   RO         3544    i.Serial_Init       serial.o
    0x08002f20   0x08002f20   0x00000004   Code   RO           17    i.SetSysClock       system_stm32f10x.o
    0x08002f24   0x08002f24   0x000000b0   Code   RO           18    i.SetSysClockTo72   system_stm32f10x.o
    0x08002fd4   0x08002fd4   0x00000002   Code   RO         3241    i.SysTick_Handler   stm32f10x_it.o
    0x08002fd6   0x08002fd6   0x00000002   PAD
    0x08002fd8   0x08002fd8   0x00000050   Code   RO           20    i.SystemInit        system_stm32f10x.o
    0x08003028   0x08003028   0x00000028   Code   RO         3298    i.System_Init       function.o
    0x08003050   0x08003050   0x0000002c   Code   RO         3811    i.TIM2_IRQHandler   timer.o
    0x0800307c   0x0800307c   0x00000044   Code   RO         3812    i.TIM3_IRQHandler   timer.o
    0x080030c0   0x080030c0   0x00000048   Code   RO         3813    i.TIM4_IRQHandler   timer.o
    0x08003108   0x08003108   0x00000006   Code   RO         2415    i.TIM_ClearFlag     stm32f10x_tim.o
    0x0800310e   0x0800310e   0x00000006   Code   RO         2416    i.TIM_ClearITPendingBit  stm32f10x_tim.o
    0x08003114   0x08003114   0x00000018   Code   RO         2421    i.TIM_Cmd           stm32f10x_tim.o
    0x0800312c   0x0800312c   0x00000018   Code   RO         2442    i.TIM_GetITStatus   stm32f10x_tim.o
    0x08003144   0x08003144   0x00000014   Code   RO         2446    i.TIM_ITConfig      stm32f10x_tim.o
    0x08003158   0x08003158   0x0000000a   Code   RO         2448    i.TIM_InternalClockConfig  stm32f10x_tim.o
    0x08003162   0x08003162   0x00000002   PAD
    0x08003164   0x08003164   0x0000009c   Code   RO         2492    i.TIM_TimeBaseInit  stm32f10x_tim.o
    0x08003200   0x08003200   0x00000080   Code   RO         3814    i.Timer2_Init       timer.o
    0x08003280   0x08003280   0x00000024   Code   RO         4286    i.TurnAngle         myservo.o
    0x080032a4   0x080032a4   0x00000034   Code   RO         3546    i.UART3_SendCode    serial.o
    0x080032d8   0x080032d8   0x00000048   Code   RO         3547    i.UART4_IRQHandler  serial.o
    0x08003320   0x08003320   0x00000040   Code   RO         3548    i.UART5_IRQHandler  serial.o
    0x08003360   0x08003360   0x00000028   Code   RO         3549    i.USART1_IRQHandler  serial.o
    0x08003388   0x08003388   0x00000028   Code   RO         3550    i.USART2_IRQHandler  serial.o
    0x080033b0   0x080033b0   0x00000028   Code   RO         3551    i.USART3_IRQHandler  serial.o
    0x080033d8   0x080033d8   0x00000010   Code   RO         2957    i.USART_ClearITPendingBit  stm32f10x_usart.o
    0x080033e8   0x080033e8   0x00000018   Code   RO         2960    i.USART_Cmd         stm32f10x_usart.o
    0x08003400   0x08003400   0x0000000e   Code   RO         2963    i.USART_GetFlagStatus  stm32f10x_usart.o
    0x0800340e   0x0800340e   0x00000040   Code   RO         2964    i.USART_GetITStatus  stm32f10x_usart.o
    0x0800344e   0x0800344e   0x00000036   Code   RO         2966    i.USART_ITConfig    stm32f10x_usart.o
    0x08003484   0x08003484   0x000000bc   Code   RO         2967    i.USART_Init        stm32f10x_usart.o
    0x08003540   0x08003540   0x00000008   Code   RO         2974    i.USART_ReceiveData  stm32f10x_usart.o
    0x08003548   0x08003548   0x00000008   Code   RO         2977    i.USART_SendData    stm32f10x_usart.o
    0x08003550   0x08003550   0x000000a8   Code   RO         4422    i.UpperCP_RX        uppercp.o
    0x080035f8   0x080035f8   0x00000002   Code   RO         3242    i.UsageFault_Handler  stm32f10x_it.o
    0x080035fa   0x080035fa   0x0000001e   Code   RO         3299    i.UsrFunction       function.o
    0x08003618   0x08003618   0x0000018c   Code   RO         4509    i.Voice_Num         voice.o
    0x080037a4   0x080037a4   0x0000000e   Code   RO         4287    i.ZhuaZi_close      myservo.o
    0x080037b2   0x080037b2   0x00000002   PAD
    0x080037b4   0x080037b4   0x00000088   Code   RO         4423    i.ZhuaZi_func       uppercp.o
    0x0800383c   0x0800383c   0x0000000e   Code   RO         4288    i.ZhuaZi_open       myservo.o
    0x0800384a   0x0800384a   0x00000002   PAD
    0x0800384c   0x0800384c   0x00000024   Code   RO         4737    i.__0vsprintf       mc_w.l(printfa.o)
    0x08003870   0x08003870   0x00000028   Code   RO         4828    i.__ARM_fpclassify  m_ws.l(fpclassify.o)
    0x08003898   0x08003898   0x000000aa   Code   RO         4830    i.__kernel_poly     m_ws.l(poly.o)
    0x08003942   0x08003942   0x00000006   Code   RO         4815    i.__mathlib_dbl_infnan  m_ws.l(dunder.o)
    0x08003948   0x08003948   0x00000004   Code   RO         4816    i.__mathlib_dbl_infnan2  m_ws.l(dunder.o)
    0x0800394c   0x0800394c   0x0000000c   Code   RO         4817    i.__mathlib_dbl_invalid  m_ws.l(dunder.o)
    0x08003958   0x08003958   0x00000010   Code   RO         4820    i.__mathlib_dbl_underflow  m_ws.l(dunder.o)
    0x08003968   0x08003968   0x0000000e   Code   RO         4901    i.__scatterload_copy  mc_w.l(handlers.o)
    0x08003976   0x08003976   0x00000002   Code   RO         4902    i.__scatterload_null  mc_w.l(handlers.o)
    0x08003978   0x08003978   0x0000000e   Code   RO         4903    i.__scatterload_zeroinit  mc_w.l(handlers.o)
    0x08003986   0x08003986   0x00000002   PAD
    0x08003988   0x08003988   0x0000000c   Code   RO         4864    i.__set_errno       mc_w.l(errno.o)
    0x08003994   0x08003994   0x00000184   Code   RO         4738    i._fp_digits        mc_w.l(printfa.o)
    0x08003b18   0x08003b18   0x0000000e   Code   RO         4764    i._is_digit         mc_w.l(scanf_fp.o)
    0x08003b26   0x08003b26   0x00000002   PAD
    0x08003b28   0x08003b28   0x000006b4   Code   RO         4739    i._printf_core      mc_w.l(printfa.o)
    0x080041dc   0x080041dc   0x00000024   Code   RO         4740    i._printf_post_padding  mc_w.l(printfa.o)
    0x08004200   0x08004200   0x0000002e   Code   RO         4741    i._printf_pre_padding  mc_w.l(printfa.o)
    0x0800422e   0x0800422e   0x0000000a   Code   RO         4743    i._sputc            mc_w.l(printfa.o)
    0x08004238   0x08004238   0x0000027c   Code   RO         4682    i.acos              m_ws.l(acos.o)
    0x080044b4   0x080044b4   0x00000084   Code   RO         4424    i.angle_speed_func  uppercp.o
    0x08004538   0x08004538   0x00000220   Code   RO         4805    i.atan              m_ws.l(atan.o)
    0x08004758   0x08004758   0x0000019c   Code   RO         4702    i.atan2             m_ws.l(atan2.o)
    0x080048f4   0x080048f4   0x00000068   Code   RO         4425    i.cmd_func          uppercp.o
    0x0800495c   0x0800495c   0x0000000e   Code   RO         3196    i.main              main.o
    0x0800496a   0x0800496a   0x00000002   PAD
    0x0800496c   0x0800496c   0x00000040   Code   RO         4362    i.moveServo         servo.o
    0x080049ac   0x080049ac   0x00000010   Code   RO         4100    i.oled_pow          oled.o
    0x080049bc   0x080049bc   0x00000024   Code   RO         4365    i.runActionGroup    servo.o
    0x080049e0   0x080049e0   0x00000460   Code   RO         4426    i.servo_func        uppercp.o
    0x08004e40   0x08004e40   0x00000080   Code   RO         4427    i.speed_func        uppercp.o
    0x08004ec0   0x08004ec0   0x0000004c   Code   RO         4710    i.sqrt              m_ws.l(sqrt.o)
    0x08004f0c   0x08004f0c   0x00000074   Code   RO         4428    i.voice_func        uppercp.o
    0x08004f80   0x08004f80   0x00000074   Code   RO         4429    i.voice_set_func    uppercp.o
    0x08004ff4   0x08004ff4   0x00000818   Data   RO         4102    .constdata          oled.o
    0x0800580c   0x0800580c   0x00000012   Data   RO         4511    .constdata          voice.o
    0x0800581e   0x0800581e   0x00000002   PAD
    0x08005820   0x08005820   0x00000050   Data   RO         4683    .constdata          m_ws.l(acos.o)
    0x08005870   0x08005870   0x00000098   Data   RO         4806    .constdata          m_ws.l(atan.o)
    0x08005908   0x08005908   0x00000008   Data   RO         4832    .constdata          m_ws.l(qnan.o)
    0x08005910   0x08005910   0x00000040   Data   RO         4897    .constdata          mc_w.l(ctype_c.o)
    0x08005950   0x08005950   0x00000020   Data   RO         4899    Region$$Table       anon$$obj.o


    Execution Region RW_IRAM1 (Exec base: 0x20000000, Load base: 0x08005970, Size: 0x00000c40, Max: 0x00010000, ABSOLUTE, COMPRESSED[0x00000128])

    Exec Addr    Load Addr    Size         Type   Attr      Idx    E Section Name        Object

    0x20000000   COMPRESSED   0x00000014   Data   RW         1805    .data               stm32f10x_rcc.o
    0x20000014   COMPRESSED   0x00000004   Data   RW         3300    .data               function.o
    0x20000018   COMPRESSED   0x0000000a   Data   RW         3561    .data               serial.o
    0x20000022   COMPRESSED   0x00000002   Data   RW         3562    .data               serial.o
    0x20000024   COMPRESSED   0x00000001   Data   RW         3563    .data               serial.o
    0x20000025   COMPRESSED   0x00000001   Data   RW         3564    .data               serial.o
    0x20000026   COMPRESSED   0x00000005   Data   RW         3574    .data               serial.o
    0x2000002b   COMPRESSED   0x00000001   PAD
    0x2000002c   COMPRESSED   0x00000006   Data   RW         3817    .data               timer.o
    0x20000032   COMPRESSED   0x00000002   PAD
    0x20000034   COMPRESSED   0x00000010   Data   RW         3974    .data               move.o
    0x20000044   COMPRESSED   0x000000e2   Data   RW         4103    .data               oled.o
    0x20000126   COMPRESSED   0x00000002   PAD
    0x20000128   COMPRESSED   0x00000028   Data   RW         4289    .data               myservo.o
    0x20000150   COMPRESSED   0x00000028   Data   RW         4430    .data               uppercp.o
    0x20000178   COMPRESSED   0x000000b8   Data   RW         4512    .data               voice.o
    0x20000230   COMPRESSED   0x00000007   Data   RW         4513    .data               voice.o
    0x20000237   COMPRESSED   0x00000001   PAD
    0x20000238   COMPRESSED   0x00000004   Data   RW         4725    .data               mc_w.l(strtok.o)
    0x2000023c   COMPRESSED   0x00000004   Data   RW         4865    .data               mc_w.l(errno.o)
    0x20000240        -       0x00000164   Zero   RW         3557    .bss                serial.o
    0x200003a4        -       0x00000018   Zero   RW         3973    .bss                move.o
    0x200003bc        -       0x00000400   Zero   RW         4101    .bss                oled.o
    0x200007bc        -       0x00000080   Zero   RW         4369    .bss                servo.o
    0x2000083c   COMPRESSED   0x00000004   PAD
    0x20000840        -       0x00000400   Zero   RW          130    STACK               startup_stm32f10x_hd.o


==============================================================================

Image component sizes


      Code (inc. data)   RO Data    RW Data    ZI Data      Debug   Object Name

       118          0          0          0          0       1337   bujin.o
         0          0          0          0          0       4548   core_cm3.o
        56          0          0          0          0        994   delay.o
       234         14          0          4          0     241467   function.o
        42          0          0          0          0        996   iwdg.o
       200         24          0          0          0       2043   led.o
        14          0          0          0          0        451   main.o
       120         14          0          0          0     206303   misc.o
       852         92          0         16         24       2774   move.o
      1348        268          0         40          0       6284   myservo.o
      1478         60       2072        226       1024      12979   oled.o
        40         28          0          0          0        884   qr.o
      1500        116          0         19        356      14742   serial.o
       100         10          0          0        128       2683   servo.o
        36          8        304          0       1024        804   startup_stm32f10x_hd.o
       200          0          0          0          0      12569   stm32f10x_gpio.o
        18          0          0          0          0       3886   stm32f10x_it.o
        68         30          0          0          0       2382   stm32f10x_iwdg.o
       228         30          0         20          0      13254   stm32f10x_rcc.o
       246         42          0          0          0      24960   stm32f10x_tim.o
       376          6          0          0          0      12991   stm32f10x_usart.o
       260         26          0          0          0      18969   system_stm32f10x.o
       312         36          0          6          0       2720   timer.o
      2404        548          0         40          0       8261   uppercp.o
       836         62         18        191          0       8744   voice.o

    ----------------------------------------------------------------------
     11112       1414       2428        568       2560     608025   Object Totals
         0          0         32          0          0          0   (incl. Generated)
        26          0          2          6          4          0   (incl. Padding)

    ----------------------------------------------------------------------

      Code (inc. data)   RO Data    RW Data    ZI Data      Debug   Library Member Name

       636         62         80          0          0        188   acos.o
       544         70        152          0          0        124   atan.o
       412         38          0          0          0        144   atan2.o
        38          6          0          0          0        272   dunder.o
        40          0          0          0          0         68   fpclassify.o
       170          0          0          0          0         96   poly.o
         0          0          8          0          0          0   qnan.o
        76          0          0          0          0         84   sqrt.o
        56          8          0          0          0         84   __0sscanf.o
        86          0          0          0          0          0   __dczerorl2.o
        28          0          0          0          0         68   _chval.o
       816          6          0          0          0        112   _scanf.o
       332          0          0          0          0         96   _scanf_int.o
        64          0          0          0          0         84   _sgetc.o
        40          6         64          0          0         68   ctype_c.o
         0          0          0          0          0          0   entry.o
         0          0          0          0          0          0   entry10a.o
         0          0          0          0          0          0   entry11a.o
         4          0          0          0          0          0   entry12b.o
         8          4          0          0          0          0   entry2.o
         4          0          0          0          0          0   entry5.o
         0          0          0          0          0          0   entry7b.o
         0          0          0          0          0          0   entry8b.o
         8          4          0          0          0          0   entry9a.o
        12          6          0          4          0         68   errno.o
        30          0          0          0          0          0   handlers.o
        36          8          0          0          0         68   init.o
        10          0          0          0          0         68   isspace_c.o
         0          0          0          0          0          0   iusefp.o
        30          0          0          0          0         68   llshl.o
        36          0          0          0          0         68   llsshr.o
        32          0          0          0          0         68   llushr.o
        26          0          0          0          0         80   memcmp.o
        36          0          0          0          0        108   memseta.o
      2232         86          0          0          0        528   printfa.o
        40          8          0          0          0         84   scanf_char.o
       878         12          0          0          0        216   scanf_fp.o
        68          6          0          4          0         80   strtok.o
        44          0          0          0          0         80   uidiv.o
        98          0          0          0          0         92   uldiv.o
        48          0          0          0          0         68   cdcmple.o
        48          0          0          0          0         68   cdrcmple.o
        20          0          0          0          0         68   cfcmple.o
        56          0          0          0          0         88   d2f.o
       334          0          0          0          0        148   dadd.o
       222          0          0          0          0        100   ddiv.o
       186          0          0          0          0        176   depilogue.o
        50          0          0          0          0         76   dfixui.o
        48          0          0          0          0         68   dfixul.o
        34          0          0          0          0         76   dflti.o
        24          0          0          0          0         76   dfltul.o
       228          0          0          0          0         96   dmul.o
        46          0          0          0          0         80   dscalb.o
       162          0          0          0          0        100   dsqrt.o
        38          0          0          0          0         68   f2d.o
       176          0          0          0          0        140   fadd.o
       110          0          0          0          0        168   fepilogue.o
        50          0          0          0          0         68   ffixi.o
        40          0          0          0          0         68   ffixui.o
        18          0          0          0          0         68   fflti.o
        10          0          0          0          0         68   ffltui.o
       100          0          0          0          0         76   fmul.o
        24          0          0          0          0         68   fscalb.o

    ----------------------------------------------------------------------
      9052        330        304          8          0       5244   Library Totals
        10          0          0          0          0          0   (incl. Padding)

    ----------------------------------------------------------------------

      Code (inc. data)   RO Data    RW Data    ZI Data      Debug   Library Name

      1916        176        240          0          0        976   m_ws.l
      5054        154         64          8          0       2188   mc_w.l
      2072          0          0          0          0       2080   mf_w.l

    ----------------------------------------------------------------------
      9052        330        304          8          0       5244   Library Totals

    ----------------------------------------------------------------------

==============================================================================


      Code (inc. data)   RO Data    RW Data    ZI Data      Debug   

     20164       1744       2732        576       2560     603933   Grand Totals
     20164       1744       2732        296       2560     603933   ELF Image Totals (compressed)
     20164       1744       2732        296          0          0   ROM Totals

==============================================================================

    Total RO  Size (Code + RO Data)                22896 (  22.36kB)
    Total RW  Size (RW Data + ZI Data)              3136 (   3.06kB)
    Total ROM Size (Code + RO Data + RW Data)      23192 (  22.65kB)

==============================================================================

